Archive member included to satisfy reference by file (symbol)

C:/ti/simplelink_cc13xx_cc26xx_sdk_7_10_02_23/source\ti/drivers/lib/gcc/m4f/drivers_cc13x2.a(GPIO.c.obj)
                              ./syscfg/ti_drivers_config.o (GPIO_resetConfig)
C:/ti/simplelink_cc13xx_cc26xx_sdk_7_10_02_23/source\ti/drivers/lib/gcc/m4f/drivers_cc13x2.a(GPIOCC26XX.c.obj)
                              C:/ti/simplelink_cc13xx_cc26xx_sdk_7_10_02_23/source\ti/drivers/lib/gcc/m4f/drivers_cc13x2.a(GPIO.c.obj) (GPIO_disableInt)
C:/ti/simplelink_cc13xx_cc26xx_sdk_7_10_02_23/source\ti/drivers/lib/gcc/m4f/drivers_cc13x2.a(I2C.c.obj)
                              ./main_freertos.o (I2C_init)
C:/ti/simplelink_cc13xx_cc26xx_sdk_7_10_02_23/source\ti/drivers/lib/gcc/m4f/drivers_cc13x2.a(I2CCC26XX.c.obj)
                              ./main_freertos.o (I2C_open)
C:/ti/simplelink_cc13xx_cc26xx_sdk_7_10_02_23/source\ti/drivers/lib/gcc/m4f/drivers_cc13x2.a(PowerCC26X2.c.obj)
                              ./syscfg/ti_freertos_config.o (Power_getConstraintMask)
C:/ti/simplelink_cc13xx_cc26xx_sdk_7_10_02_23/source\ti/drivers/lib/gcc/m4f/drivers_cc13x2.a(PowerCC26X2_calibrateRCOSC.c.obj)
                              C:/ti/simplelink_cc13xx_cc26xx_sdk_7_10_02_23/source\ti/drivers/lib/gcc/m4f/drivers_cc13x2.a(PowerCC26X2.c.obj) (PowerCC26X2_initiateCalibration)
C:/ti/simplelink_cc13xx_cc26xx_sdk_7_10_02_23/source\ti/drivers/lib/gcc/m4f/drivers_cc13x2.a(TemperatureCC26X2.c.obj)
                              C:/ti/simplelink_cc13xx_cc26xx_sdk_7_10_02_23/source\ti/drivers/lib/gcc/m4f/drivers_cc13x2.a(PowerCC26X2.c.obj) (Temperature_init)
C:/ti/simplelink_cc13xx_cc26xx_sdk_7_10_02_23/source\ti/drivers/lib/gcc/m4f/drivers_cc13x2.a(UART2.c.obj)
                              ./main_freertos.o (UART2_Params_init)
C:/ti/simplelink_cc13xx_cc26xx_sdk_7_10_02_23/source\ti/drivers/lib/gcc/m4f/drivers_cc13x2.a(UART2CC26X2.c.obj)
                              ./main_freertos.o (UART2_open)
C:/ti/simplelink_cc13xx_cc26xx_sdk_7_10_02_23/source\ti/drivers/lib/gcc/m4f/drivers_cc13x2.a(GPIOCC26X2.c.obj)
                              ./gpiointerrupt.o (GPIO_init)
C:/ti/simplelink_cc13xx_cc26xx_sdk_7_10_02_23/source\ti/drivers/lib/gcc/m4f/drivers_cc13x2.a(PowerCC26X2_calibrateRCOSC_helpers.c.obj)
                              C:/ti/simplelink_cc13xx_cc26xx_sdk_7_10_02_23/source\ti/drivers/lib/gcc/m4f/drivers_cc13x2.a(PowerCC26X2_calibrateRCOSC.c.obj) (PowerCC26X2_updateSubSecInc)
C:/ti/simplelink_cc13xx_cc26xx_sdk_7_10_02_23/source\ti/drivers/lib/gcc/m4f/drivers_cc13x2.a(PowerCC26X2_helpers.c.obj)
                              C:/ti/simplelink_cc13xx_cc26xx_sdk_7_10_02_23/source\ti/drivers/lib/gcc/m4f/drivers_cc13x2.a(PowerCC26X2.c.obj) (PowerCC26X2_oscCtlClearXtal)
C:/ti/simplelink_cc13xx_cc26xx_sdk_7_10_02_23/source\ti/drivers/lib/gcc/m4f/drivers_cc13x2.a(List.c.obj)
                              C:/ti/simplelink_cc13xx_cc26xx_sdk_7_10_02_23/source\ti/drivers/lib/gcc/m4f/drivers_cc13x2.a(PowerCC26X2.c.obj) (List_put)
C:/ti/simplelink_cc13xx_cc26xx_sdk_7_10_02_23/source\ti/drivers/lib/gcc/m4f/drivers_cc13x2.a(RingBuf.c.obj)
                              C:/ti/simplelink_cc13xx_cc26xx_sdk_7_10_02_23/source\ti/drivers/lib/gcc/m4f/drivers_cc13x2.a(UART2CC26X2.c.obj) (RingBuf_construct)
C:/ti/simplelink_cc13xx_cc26xx_sdk_7_10_02_23/source\ti/drivers/lib/gcc/m4f/drivers_cc13x2.a(UDMACC26XX.c.obj)
                              C:/ti/simplelink_cc13xx_cc26xx_sdk_7_10_02_23/source\ti/drivers/lib/gcc/m4f/drivers_cc13x2.a(UART2CC26X2.c.obj) (UDMACC26XX_open)
C:/ti/simplelink_cc13xx_cc26xx_sdk_7_10_02_23/source\ti/devices/cc13x2_cc26x2/driverlib/bin/gcc/driverlib.lib(osc.o)
                              C:/ti/simplelink_cc13xx_cc26xx_sdk_7_10_02_23/source\ti/drivers/lib/gcc/m4f/drivers_cc13x2.a(PowerCC26X2.c.obj) (NOROM_OSCHF_GetStartupTime)
C:/ti/simplelink_cc13xx_cc26xx_sdk_7_10_02_23/source\ti/devices/cc13x2_cc26x2/driverlib/bin/gcc/driverlib.lib(cpu.o)
                              ./syscfg/ti_freertos_config.o (NOROM_CPUcpsid)
C:/ti/simplelink_cc13xx_cc26xx_sdk_7_10_02_23/source\ti/devices/cc13x2_cc26x2/driverlib/bin/gcc/driverlib.lib(interrupt.o)
                              ./syscfg/ti_freertos_config.o (NOROM_IntRegister)
C:/ti/simplelink_cc13xx_cc26xx_sdk_7_10_02_23/source\ti/devices/cc13x2_cc26x2/driverlib/bin/gcc/driverlib.lib(setup.o)
                              ./syscfg/ti_freertos_config.o (NOROM_SetupTrimDevice)
C:/ti/simplelink_cc13xx_cc26xx_sdk_7_10_02_23/source\ti/devices/cc13x2_cc26x2/driverlib/bin/gcc/driverlib.lib(prcm.o)
                              C:/ti/simplelink_cc13xx_cc26xx_sdk_7_10_02_23/source\ti/drivers/lib/gcc/m4f/drivers_cc13x2.a(PowerCC26X2.c.obj) (NOROM_PRCMPowerDomainsAllOff)
C:/ti/simplelink_cc13xx_cc26xx_sdk_7_10_02_23/source\ti/devices/cc13x2_cc26x2/driverlib/bin/gcc/driverlib.lib(aux_sysif.o)
[...]
Memory Configuration

Name             Origin             Length             Attributes
FLASH            0x00000000         0x00057fa8         xr
FLASH_CCFG       0x00057fa8         0x00000058         xr
SRAM             0x20000000         0x00014000         xrw
GPRAM            0x11000000         0x00002000         xrw
LOG_DATA         0x90000000         0x00040000         r
LOG_PTR          0x94000008         0x00040000         r
*default*        0x00000000         0xffffffff

Linker script and memory map

LOAD ./cJSON.o
LOAD ./gpiointerrupt.o
LOAD ./syscfg/ti_devices_config.o
LOAD ./syscfg/ti_drivers_config.o
LOAD ./syscfg/ti_freertos_config.o
LOAD ./syscfg/ti_freertos_portable_config.o
LOAD ./main_freertos.o
                0x00000800                STACKSIZE = 0x800
                0x00000000                PROVIDE (_intvecs_base_address = DEFINED (_intvecs_base_address)?_intvecs_base_address:0x0)

.resetVecs      0x00000000       0xd8
 *(.resetVecs)
 .resetVecs     0x00000000       0xd8 ./syscfg/ti_freertos_config.o

.ramVecs        0x20000000       0xd8
 *(.ramVecs)
 .ramVecs       0x20000000       0xd8 C:/ti/simplelink_cc13xx_cc26xx_sdk_7_10_02_23/source\ti/devices/cc13x2_cc26x2/driverlib/bin/gcc/driverlib.lib(interrupt.o)
                0x20001800                UDMACC26XX_CONFIG_BASE = 0x20001800
                0x20001810                DMA_UART0_RX_CONTROL_TABLE_ENTRY_ADDRESS = (UDMACC26XX_CONFIG_BASE + 0x10)
                0x20001820                DMA_UART0_TX_CONTROL_TABLE_ENTRY_ADDRESS = (UDMACC26XX_CONFIG_BASE + 0x20)
                0x20001830                DMA_SPI0_RX_CONTROL_TABLE_ENTRY_ADDRESS = (UDMACC26XX_CONFIG_BASE + 0x30)
                0x20001840                DMA_SPI0_TX_CONTROL_TABLE_ENTRY_ADDRESS = (UDMACC26XX_CONFIG_BASE + 0x40)
                0x20001850                DMA_UART1_RX_CONTROL_TABLE_ENTRY_ADDRESS = (UDMACC26XX_CONFIG_BASE + 0x50)
                0x20001860                DMA_UART1_TX_CONTROL_TABLE_ENTRY_ADDRESS = (UDMACC26XX_CONFIG_BASE + 0x60)
                0x20001870                DMA_ADC_PRI_CONTROL_TABLE_ENTRY_ADDRESS = (UDMACC26XX_CONFIG_BASE + 0x70)
                0x20001890                DMA_GPT0A_PRI_CONTROL_TABLE_ENTRY_ADDRESS = (UDMACC26XX_CONFIG_BASE + 0x90)
                0x20001900                DMA_SPI1_RX_CONTROL_TABLE_ENTRY_ADDRESS = (UDMACC26XX_CONFIG_BASE + 0x100)
                0x20001910                DMA_SPI1_TX_CONTROL_TABLE_ENTRY_ADDRESS = (UDMACC26XX_CONFIG_BASE + 0x110)
                0x20001a10                DMA_UART0_RX_ALT_CONTROL_TABLE_ENTRY_ADDRESS = (UDMACC26XX_CONFIG_BASE + 0x210)
                0x20001a20                DMA_UART0_TX_ALT_CONTROL_TABLE_ENTRY_ADDRESS = (UDMACC26XX_CONFIG_BASE + 0x220)
                0x20001a30                DMA_SPI0_RX_ALT_CONTROL_TABLE_ENTRY_ADDRESS = (UDMACC26XX_CONFIG_BASE + 0x230)
                0x20001a40                DMA_SPI0_TX_ALT_CONTROL_TABLE_ENTRY_ADDRESS = (UDMACC26XX_CONFIG_BASE + 0x240)
                0x20001a50                DMA_UART1_RX_ALT_CONTROL_TABLE_ENTRY_ADDRESS = (UDMACC26XX_CONFIG_BASE + 0x250)
                0x20001a60                DMA_UART1_TX_ALT_CONTROL_TABLE_ENTRY_ADDRESS = (UDMACC26XX_CONFIG_BASE + 0x260)
                0x20001a70                DMA_ADC_ALT_CONTROL_TABLE_ENTRY_ADDRESS = (UDMACC26XX_CONFIG_BASE + 0x270)
                0x20001a90                DMA_GPT0A_ALT_CONTROL_TABLE_ENTRY_ADDRESS = (UDMACC26XX_CONFIG_BASE + 0x290)
                0x20001b00                DMA_SPI1_RX_ALT_CONTROL_TABLE_ENTRY_ADDRESS = (UDMACC26XX_CONFIG_BASE + 0x300)
                0x20001b10                DMA_SPI1_TX_ALT_CONTROL_TABLE_ENTRY_ADDRESS = (UDMACC26XX_CONFIG_BASE + 0x310)
                0x00000000                UDMACC26XX_uart0RxControlTableEntry_is_placed = 0x0

.dmaUart0RxControlTableEntry
                0x20001810       0x10
 *(.dmaUart0RxControlTableEntry)
 .dmaUart0RxControlTableEntry
                0x20001810       0x10 ./syscfg/ti_drivers_config.o
                0x00000000                UDMACC26XX_uart0TxControlTableEntry_is_placed = 0x0

.dmaUart0TxControlTableEntry
                0x20001820       0x10
 *(.dmaUart0TxControlTableEntry)
 .dmaUart0TxControlTableEntry
                0x20001820       0x10 ./syscfg/ti_drivers_config.o
                0x00000000                UDMACC26XX_dmaSpi0RxControlTableEntry_is_placed = 0x0

.dmaSpi0RxControlTableEntry
 *(.dmaSpi0RxControlTableEntry)
                0x00000000                UDMACC26XX_dmaSpi0TxControlTableEntry_is_placed = 0x0

.dmaSpi0TxControlTableEntry
 *(.dmaSpi0TxControlTableEntry)
                0x00000000                UDMACC26XX_uart1RxControlTableEntry_is_placed = 0x0

.dmaUart1RxControlTableEntry
 *(.dmaUart1RxControlTableEntry)
                0x00000000                UDMACC26XX_uart1TxControlTableEntry_is_placed = 0x0

.dmaUart1TxControlTableEntry
 *(.dmaUart1TxControlTableEntry)
                0x00000000                UDMACC26XX_dmaADCPriControlTableEntry_is_placed = 0x0

.dmaADCPriControlTableEntry
 *(.dmaADCPriControlTableEntry)
                0x00000000                UDMACC26XX_dmaGPT0APriControlTableEntry_is_placed = 0x0

.dmaGPT0APriControlTableEntry
 *(.dmaGPT0APriControlTableEntry)
                0x00000000                UDMACC26XX_dmaSpi1RxControlTableEntry_is_placed = 0x0

.dmaSpi1RxControlTableEntry
 *(.dmaSpi1RxControlTableEntry)
                0x00000000                UDMACC26XX_dmaSpi1TxControlTableEntry_is_placed = 0x0

.dmaSpi1TxControlTableEntry
 *(.dmaSpi1TxControlTableEntry)
                0x00000000                UDMACC26XX_uart0RxAltControlTableEntry_is_placed = 0x0

.dmaUart0RxAltControlTableEntry
 *(.dmaUart0RxAltControlTableEntry)
                0x00000000                UDMACC26XX_uart0TxAltControlTableEntry_is_placed = 0x0

.dmaUart0TxAltControlTableEntry
 *(.dmaUart0TxAltControlTableEntry)
                0x00000000                UDMACC26XX_dmaSpi0RxAltControlTableEntry_is_placed = 0x0

.dmaSpi0RxAltControlTableEntry
 *(.dmaSpi0RxAltControlTableEntry)
                0x00000000                UDMACC26XX_dmaSpi0TxAltControlTableEntry_is_placed = 0x0

.dmaSpi0TxAltControlTableEntry
 *(.dmaSpi0TxAltControlTableEntry)
                0x00000000                UDMACC26XX_uart1RxAltControlTableEntry_is_placed = 0x0

.dmaUart1RxAltControlTableEntry
 *(.dmaUart1RxAltControlTableEntry)
                0x00000000                UDMACC26XX_uart1TxAltControlTableEntry_is_placed = 0x0

.dmaUart1TxAltControlTableEntry
 *(.dmaUart1TxAltControlTableEntry)
                0x00000000                UDMACC26XX_dmaADCAltControlTableEntry_is_placed = 0x0

.dmaADCAltControlTableEntry
 *(.dmaADCAltControlTableEntry)
                0x00000000                UDMACC26XX_dmaGPT0AAltControlTableEntry_is_placed = 0x0

.dmaGPT0AAltControlTableEntry
 *(.dmaGPT0AAltControlTableEntry)
                0x00000000                UDMACC26XX_dmaSpi1RxAltControlTableEntry_is_placed = 0x0

.dmaSpi1RxAltControlTableEntry
 *(.dmaSpi1RxAltControlTableEntry)
                0x00000000                UDMACC26XX_dmaSpi1TxAltControlTableEntry_is_placed = 0x0

.dmaSpi1TxAltControlTableEntry
 *(.dmaSpi1TxAltControlTableEntry)
                0x00002000                _rom_rodata_start = 0x2000
                0x00000000                _rom_rodata_size = DEFINED (ROM_RODATA_SIZE)?0x0:DEFINED (ROM_RODATA_SIZE_NO_OAD)?0x330:0x0

.rom_rodata_reserve
                0x00002000        0x0 load address 0x000000d8
                0x00002000                . = (. + _rom_rodata_size)

.text           0x000000e0     0x9d50
 CREATE_OBJECT_SYMBOLS
 *(.text)
 .text          0x000000e0      0x378 c:/ti/gcc_arm_none_eabi_9_2_1/bin/../lib/gcc/arm-none-eabi/9.2.1/thumb/v7e-m+fp/hard\libgcc.a(_arm_addsubdf3.o)
                0x000000e0                __aeabi_drsub
                0x000000e8                __aeabi_dsub
                0x000000e8                __subdf3
                0x000000ec                __aeabi_dadd
                0x000000ec                __adddf3
                0x00000364                __floatunsidf
                0x00000364                __aeabi_ui2d
                0x00000384                __floatsidf
                0x00000384                __aeabi_i2d
                0x000003a8                __aeabi_f2d
                0x000003a8                __extendsfdf2
                0x000003ec                __floatundidf
                0x000003ec                __aeabi_ul2d
                0x000003fc                __floatdidf
                0x000003fc                __aeabi_l2d
 .text          0x00000458      0x424 c:/ti/gcc_arm_none_eabi_9_2_1/bin/../lib/gcc/arm-none-eabi/9.2.1/thumb/v7e-m+fp/hard\libgcc.a(_arm_muldivdf3.o)
                0x00000458                __aeabi_dmul
                0x00000458                __muldf3
                0x000006ac                __divdf3
                0x000006ac                __aeabi_ddiv
 .text          0x0000087c      0x110 c:/ti/gcc_arm_none_eabi_9_2_1/bin/../lib/gcc/arm-none-eabi/9.2.1/thumb/v7e-m+fp/hard\libgcc.a(_arm_cmpdf2.o)
                0x0000087c                __gtdf2
                0x0000087c                __gedf2
                0x00000884                __ltdf2
                0x00000884                __ledf2
                0x0000088c                __nedf2
                0x0000088c                __eqdf2
                0x0000088c                __cmpdf2
                0x00000908                __aeabi_cdrcmple
                0x00000918                __aeabi_cdcmpeq
                0x00000918                __aeabi_cdcmple
                0x00000928                __aeabi_dcmpeq
                0x0000093c                __aeabi_dcmplt
                0x00000950                __aeabi_dcmple
                0x00000964                __aeabi_dcmpge
                0x00000978                __aeabi_dcmpgt
 .text          0x0000098c       0x2c c:/ti/gcc_arm_none_eabi_9_2_1/bin/../lib/gcc/arm-none-eabi/9.2.1/thumb/v7e-m+fp/hard\libgcc.a(_arm_unorddf2.o)
                0x0000098c                __unorddf2
                0x0000098c                __aeabi_dcmpun
 .text          0x000009b8       0x50 c:/ti/gcc_arm_none_eabi_9_2_1/bin/../lib/gcc/arm-none-eabi/9.2.1/thumb/v7e-m+fp/hard\libgcc.a(_arm_fixdfsi.o)
                0x000009b8                __aeabi_d2iz
                0x000009b8                __fixdfsi
 .text          0x00000a08       0xa0 c:/ti/gcc_arm_none_eabi_9_2_1/bin/../lib/gcc/arm-none-eabi/9.2.1/thumb/v7e-m+fp/hard\libgcc.a(_arm_truncdfsf2.o)
                0x00000a08                __truncdfsf2
                0x00000a08                __aeabi_d2f
 .text          0x00000aa8       0x30 c:/ti/gcc_arm_none_eabi_9_2_1/bin/../lib/gcc/arm-none-eabi/9.2.1/thumb/v7e-m+fp/hard\libgcc.a(_aeabi_uldivmod.o)
                0x00000aa8                __aeabi_uldivmod
 .text          0x00000ad8      0x2c4 c:/ti/gcc_arm_none_eabi_9_2_1/bin/../lib/gcc/arm-none-eabi/9.2.1/thumb/v7e-m+fp/hard\libgcc.a(_udivmoddi4.o)
                0x00000ad8                __udivmoddi4
 .text          0x00000d9c        0x4 c:/ti/gcc_arm_none_eabi_9_2_1/bin/../lib/gcc/arm-none-eabi/9.2.1/thumb/v7e-m+fp/hard\libgcc.a(_dvmd_tls.o)
                0x00000d9c                __aeabi_idiv0
                0x00000d9c                __aeabi_ldiv0
 .text          0x00000da0       0x10 c:/ti/gcc_arm_none_eabi_9_2_1/bin/../lib/gcc/arm-none-eabi/9.2.1/../../../../arm-none-eabi/lib/thumb/v7e-m+fp/hard\libc_nano.a(lib_a-strlen.o)
                0x00000da0                strlen
 .text          0x00000db0       0xa0 c:/ti/gcc_arm_none_eabi_9_2_1/bin/../lib/gcc/arm-none-eabi/9.2.1/../../../../arm-none-eabi/lib/thumb/v7e-m+fp/hard\libc_nano.a(lib_a-memchr.o)
                0x00000db0                memchr
 *(.text.*)
 .text.ensure   0x00000e50       0x8c ./cJSON.o
 .text.print_string_ptr.part.0
                0x00000edc      0x16c ./cJSON.o
 .text.print_value.part.0
                0x00001048      0x548 ./cJSON.o
 .text.cJSON_Delete
                0x00001590       0x48 ./cJSON.o
                0x00001590                cJSON_Delete
 .text.cJSON_PrintUnformatted
                0x000015d8       0xa4 ./cJSON.o
                0x000015d8                cJSON_PrintUnformatted
 *fill*         0x0000167c        0x4 
 .text.cJSON_AddNumberToObject
                0x00001680       0xf0 ./cJSON.o
                0x00001680                cJSON_AddNumberToObject
 .text.cJSON_CreateObject
                0x00001770       0x24 ./cJSON.o
                0x00001770                cJSON_CreateObject
 .text.prvAddCurrentTaskToDelayedList
                0x00001794      0x10c ./syscfg/ti_freertos_config.o
 .text.HwiP_dispatch
                0x000018a0       0x34 ./syscfg/ti_freertos_config.o
                0x000018a0                HwiP_dispatch
 .text.TimerP_dynamicStub
                0x000018d4       0x70 ./syscfg/ti_freertos_config.o
                0x000018d4                TimerP_dynamicStub
 .text.resetISR
                0x00001944       0x10 ./syscfg/ti_freertos_config.o
                0x00001944                resetISR
 .text.nmiISR   0x00001954        0x4 ./syscfg/ti_freertos_config.o
 .text.faultISR
                0x00001958        0x4 ./syscfg/ti_freertos_config.o
 .text.busFaultHandler
                0x0000195c        0x4 ./syscfg/ti_freertos_config.o
 .text.intDefaultHandler
                0x00001960        0x4 ./syscfg/ti_freertos_config.o
 .text.prvAddNewTaskToReadyList
                0x00001964      0x228 ./syscfg/ti_freertos_config.o
 .text.prvInitialiseNewTask.isra.0
                0x00001b8c      0x110 ./syscfg/ti_freertos_config.o
 .text.prvInsertTimerInActiveList
                0x00001c9c       0x80 ./syscfg/ti_freertos_config.o
 .text.xTaskIncrementTick.part.0
                0x00001d1c      0x178 ./syscfg/ti_freertos_config.o
 .text.xTaskResumeAll.part.0
                0x00001e94      0x19c ./syscfg/ti_freertos_config.o
 .text.ClockP_workFuncDynamic
                0x00002030      0x1fc ./syscfg/ti_freertos_config.o
                0x00002030                ClockP_workFuncDynamic
 .text.prvIdleTask
                0x0000222c      0x380 ./syscfg/ti_freertos_config.o
 .text.prvCheckForValidListAndQueue
                0x000025ac       0xe0 ./syscfg/ti_freertos_config.o
 .text.vTaskStartScheduler
                0x0000268c      0x1d4 ./syscfg/ti_freertos_config.o
                0x0000268c                vTaskStartScheduler
 .text.xTaskResumeAll
                0x00002860       0x20 ./syscfg/ti_freertos_config.o
                0x00002860                xTaskResumeAll
 .text.xTaskDelayUntil
                0x00002880       0xa0 ./syscfg/ti_freertos_config.o
                0x00002880                xTaskDelayUntil
 .text.vTaskDelay
                0x00002920       0x48 ./syscfg/ti_freertos_config.o
                0x00002920                vTaskDelay
 .text.xTaskGetTickCount
                0x00002968        0xc ./syscfg/ti_freertos_config.o
                0x00002968                xTaskGetTickCount
 .text.vTaskStepTick
                0x00002974       0x88 ./syscfg/ti_freertos_config.o
                0x00002974                vTaskStepTick
 .text.xTaskIncrementTick
                0x000029fc       0x20 ./syscfg/ti_freertos_config.o
                0x000029fc                xTaskIncrementTick
 .text.vTaskPlaceOnEventList
                0x00002a1c       0x58 ./syscfg/ti_freertos_config.o
                0x00002a1c                vTaskPlaceOnEventList
 .text.xTaskRemoveFromEventList
                0x00002a74      0x108 ./syscfg/ti_freertos_config.o
                0x00002a74                xTaskRemoveFromEventList
 .text.xQueueGenericReset
                0x00002b7c       0xb4 ./syscfg/ti_freertos_config.o
                0x00002b7c                xQueueGenericReset
 .text.prvUnlockQueue
                0x00002c30       0x90 ./syscfg/ti_freertos_config.o
 .text.xQueueReceive
                0x00002cc0      0x1d8 ./syscfg/ti_freertos_config.o
                0x00002cc0                xQueueReceive
 .text.prvTimerTask
                0x00002e98      0x690 ./syscfg/ti_freertos_config.o
 .text.xTaskPriorityInherit
                0x00003528       0xcc ./syscfg/ti_freertos_config.o
                0x00003528                xTaskPriorityInherit
 .text.xTaskPriorityDisinherit
                0x000035f4       0xd8 ./syscfg/ti_freertos_config.o
                0x000035f4                xTaskPriorityDisinherit
 .text.xQueueGenericSend
                0x000036cc      0x2d8 ./syscfg/ti_freertos_config.o
                0x000036cc                xQueueGenericSend
 .text.xQueueGenericSend.constprop.0
                0x000039a4      0x260 ./syscfg/ti_freertos_config.o
 .text.vTaskPriorityDisinheritAfterTimeout
                0x00003c04       0xd4 ./syscfg/ti_freertos_config.o
                0x00003c04                vTaskPriorityDisinheritAfterTimeout
 .text.xQueueSemaphoreTake
                0x00003cd8      0x210 ./syscfg/ti_freertos_config.o
                0x00003cd8                xQueueSemaphoreTake
 .text.pvPortMalloc
                0x00003ee8      0x158 ./syscfg/ti_freertos_config.o
                0x00003ee8                pvPortMalloc
 .text.xQueueGenericCreate
                0x00004040       0x64 ./syscfg/ti_freertos_config.o
                0x00004040                xQueueGenericCreate
 .text.vPortFree
                0x000040a4       0xb8 ./syscfg/ti_freertos_config.o
                0x000040a4                vPortFree
 .text.xTaskCreate
                0x0000415c       0x74 ./syscfg/ti_freertos_config.o
                0x0000415c                xTaskCreate
 .text.vApplicationStackOverflowHook
                0x000041d0        0x4 ./syscfg/ti_freertos_config.o
                0x000041d0                vApplicationStackOverflowHook
 .text.vTaskSwitchContext
                0x000041d4       0xb0 ./syscfg/ti_freertos_config.o
                0x000041d4                vTaskSwitchContext
 .text.SemaphoreP_constructBinary
                0x00004284       0x68 ./syscfg/ti_freertos_config.o
                0x00004284                SemaphoreP_constructBinary
 .text.SemaphoreP_pend
                0x000042ec      0x100 ./syscfg/ti_freertos_config.o
                0x000042ec                SemaphoreP_pend
 .text.SemaphoreP_post
                0x000043ec       0xd4 ./syscfg/ti_freertos_config.o
                0x000043ec                SemaphoreP_post
 .text.SwiP_Params_init
                0x000044c0       0x10 ./syscfg/ti_freertos_config.o
                0x000044c0                SwiP_Params_init
 .text.SwiP_dispatch
                0x000044d0      0x130 ./syscfg/ti_freertos_config.o
                0x000044d0                SwiP_dispatch
 .text.SwiP_handleHwi
                0x00004600       0x40 ./syscfg/ti_freertos_config.o
 .text.SwiP_post
                0x00004640       0xe0 ./syscfg/ti_freertos_config.o
                0x00004640                SwiP_post
 .text.ClockP_doTick
                0x00004720        0xc ./syscfg/ti_freertos_config.o
                0x00004720                ClockP_doTick
 .text.ClockP_Params_init
                0x0000472c       0x10 ./syscfg/ti_freertos_config.o
                0x0000472c                ClockP_Params_init
 .text.ClockP_start
                0x0000473c      0x178 ./syscfg/ti_freertos_config.o
                0x0000473c                ClockP_start
 .text.ClockP_stop
                0x000048b4        0x8 ./syscfg/ti_freertos_config.o
                0x000048b4                ClockP_stop
 .text.ClockP_getCpuFreq
                0x000048bc       0x10 ./syscfg/ti_freertos_config.o
                0x000048bc                ClockP_getCpuFreq
 .text.ClockP_getSystemTickPeriod
                0x000048cc        0x4 ./syscfg/ti_freertos_config.o
                0x000048cc                ClockP_getSystemTickPeriod
 .text.HwiP_construct
                0x000048d0       0x90 ./syscfg/ti_freertos_config.o
                0x000048d0                HwiP_construct
 .text.SwiP_construct
                0x00004960      0x138 ./syscfg/ti_freertos_config.o
                0x00004960                SwiP_construct
 .text.ClockP_startup.part.0
                0x00004a98      0x2c4 ./syscfg/ti_freertos_config.o
 .text.ClockP_construct
                0x00004d5c       0x90 ./syscfg/ti_freertos_config.o
                0x00004d5c                ClockP_construct
 .text.ClockP_getSystemTicks
                0x00004dec       0x78 ./syscfg/ti_freertos_config.o
                0x00004dec                ClockP_getSystemTicks
 .text.HwiP_disable
                0x00004e64       0x28 ./syscfg/ti_freertos_config.o
                0x00004e64                HwiP_disable
 .text.HwiP_disableInterrupt
                0x00004e8c        0xc ./syscfg/ti_freertos_config.o
                0x00004e8c                HwiP_disableInterrupt
 .text.HwiP_enableInterrupt
                0x00004e98        0xc ./syscfg/ti_freertos_config.o
                0x00004e98                HwiP_enableInterrupt
 .text.HwiP_interruptsEnabled
                0x00004ea4       0x10 ./syscfg/ti_freertos_config.o
                0x00004ea4                HwiP_interruptsEnabled
 .text.HwiP_Params_init
                0x00004eb4       0x14 ./syscfg/ti_freertos_config.o
                0x00004eb4                HwiP_Params_init
 .text.HwiP_restore
                0x00004ec8       0x18 ./syscfg/ti_freertos_config.o
                0x00004ec8                HwiP_restore
 .text.PowerCC26XX_standbyPolicy
                0x00004ee0      0x168 ./syscfg/ti_freertos_config.o
                0x00004ee0                PowerCC26XX_standbyPolicy
 .text.PowerCC26XX_schedulerDisable
                0x00005048       0x10 ./syscfg/ti_freertos_config.o
                0x00005048                PowerCC26XX_schedulerDisable
 .text.PowerCC26XX_schedulerRestore
                0x00005058       0x20 ./syscfg/ti_freertos_config.o
                0x00005058                PowerCC26XX_schedulerRestore
 .text.localProgramStart
                0x00005078       0xc8 ./syscfg/ti_freertos_config.o
                0x00005078                localProgramStart
 .text._fini    0x00005140        0x4 ./syscfg/ti_freertos_config.o
                0x00005140                _fini
 .text.malloc   0x00005144       0x3c ./syscfg/ti_freertos_config.o
                0x00005144                malloc
 .text.realloc  0x00005180       0x88 ./syscfg/ti_freertos_config.o
                0x00005180                realloc
 .text.free     0x00005208        0xc ./syscfg/ti_freertos_config.o
                0x00005208                free
 .text._malloc_r
                0x00005214       0x3c ./syscfg/ti_freertos_config.o
                0x00005214                _malloc_r
 .text._free_r  0x00005250        0xc ./syscfg/ti_freertos_config.o
                0x00005250                _free_r
 .text._realloc_r
                0x0000525c       0x88 ./syscfg/ti_freertos_config.o
                0x0000525c                _realloc_r
 .text.prvPortStartFirstTask
                0x000052e4       0x28 ./syscfg/ti_freertos_portable_config.o
 .text.vPortEnableVFP
                0x0000530c       0x14 ./syscfg/ti_freertos_portable_config.o
 .text.prvTaskExitError
                0x00005320       0x40 ./syscfg/ti_freertos_portable_config.o
 .text.pxPortInitialiseStack
                0x00005360       0x30 ./syscfg/ti_freertos_portable_config.o
                0x00005360                pxPortInitialiseStack
 .text.vPortSVCHandler
                0x00005390       0x24 ./syscfg/ti_freertos_portable_config.o
                0x00005390                vPortSVCHandler
 .text.vPortEnterCritical
                0x000053b4       0x44 ./syscfg/ti_freertos_portable_config.o
                0x000053b4                vPortEnterCritical
 .text.vPortExitCritical
                0x000053f8       0x28 ./syscfg/ti_freertos_portable_config.o
                0x000053f8                vPortExitCritical
 .text.xPortPendSVHandler
                0x00005420       0x64 ./syscfg/ti_freertos_portable_config.o
                0x00005420                xPortPendSVHandler
 .text.xPortSysTickHandler
                0x00005484       0x2c ./syscfg/ti_freertos_portable_config.o
                0x00005484                xPortSysTickHandler
 .text.vPortSetupTimerInterrupt
                0x000054b0       0x4c ./syscfg/ti_freertos_portable_config.o
                0x000054b0                vPortSetupTimerInterrupt
 .text.xPortStartScheduler
                0x000054fc      0x138 ./syscfg/ti_freertos_portable_config.o
                0x000054fc                xPortStartScheduler
 .text.vPortValidateInterruptPriority
                0x00005634       0x5c ./syscfg/ti_freertos_portable_config.o
                0x00005634                vPortValidateInterruptPriority
 .text.TaskSendData
                0x00005690       0xb0 ./main_freertos.o
                0x00005690                TaskSendData
 .text.readDataMultiChannel
                0x00005740      0x158 ./main_freertos.o
                0x00005740                readDataMultiChannel
 .text.TaskSensorRead
                0x00005898       0x48 ./main_freertos.o
                0x00005898                TaskSensorRead
 .text.init     0x000058e0      0x1fc ./main_freertos.o
                0x000058e0                init
 .text.setVerticalMode
                0x00005adc       0x50 ./main_freertos.o
                0x00005adc                setVerticalMode
 .text.clearDisplay
                0x00005b2c       0xa4 ./main_freertos.o
                0x00005b2c                clearDisplay
 .text.setNormalDisplay
                0x00005bd0       0x30 ./main_freertos.o
                0x00005bd0                setNormalDisplay
 .text.TaskDisplay
                0x00005c00      0x200 ./main_freertos.o
                0x00005c00                TaskDisplay
 .text.startup.main
                0x00005e00       0xec ./main_freertos.o
                0x00005e00                main
 .text.GPIO_setConfigAndMux
                0x00005eec       0x7c C:/ti/simplelink_cc13xx_cc26xx_sdk_7_10_02_23/source\ti/drivers/lib/gcc/m4f/drivers_cc13x2.a(GPIOCC26XX.c.obj)
                0x00005eec                GPIO_setConfigAndMux
 .text.GPIO_write
                0x00005f68       0x14 C:/ti/simplelink_cc13xx_cc26xx_sdk_7_10_02_23/source\ti/drivers/lib/gcc/m4f/drivers_cc13x2.a(GPIOCC26XX.c.obj)
                0x00005f68                GPIO_write
 .text.I2C_init
                0x00005f7c        0x4 C:/ti/simplelink_cc13xx_cc26xx_sdk_7_10_02_23/source\ti/drivers/lib/gcc/m4f/drivers_cc13x2.a(I2C.c.obj)
                0x00005f7c                I2C_init
 .text.I2C_Params_init
                0x00005f80        0xc C:/ti/simplelink_cc13xx_cc26xx_sdk_7_10_02_23/source\ti/drivers/lib/gcc/m4f/drivers_cc13x2.a(I2C.c.obj)
                0x00005f80                I2C_Params_init
 .text.I2C_transferTimeout
                0x00005f8c      0x150 C:/ti/simplelink_cc13xx_cc26xx_sdk_7_10_02_23/source\ti/drivers/lib/gcc/m4f/drivers_cc13x2.a(I2C.c.obj)
                0x00005f8c                I2C_transferTimeout
 .text.I2C_transfer
                0x000060dc       0x14 C:/ti/simplelink_cc13xx_cc26xx_sdk_7_10_02_23/source\ti/drivers/lib/gcc/m4f/drivers_cc13x2.a(I2C.c.obj)
                0x000060dc                I2C_transfer
 .text.I2CCC26XX_blockingCallback
                0x000060f0        0x8 C:/ti/simplelink_cc13xx_cc26xx_sdk_7_10_02_23/source\ti/drivers/lib/gcc/m4f/drivers_cc13x2.a(I2CCC26XX.c.obj)
 .text.I2CCC26XX_hwiFxn
                0x000060f8      0x168 C:/ti/simplelink_cc13xx_cc26xx_sdk_7_10_02_23/source\ti/drivers/lib/gcc/m4f/drivers_cc13x2.a(I2CCC26XX.c.obj)
 .text.I2CCC26XX_postNotify
                0x00006260       0x6c C:/ti/simplelink_cc13xx_cc26xx_sdk_7_10_02_23/source\ti/drivers/lib/gcc/m4f/drivers_cc13x2.a(I2CCC26XX.c.obj)
 .text.I2C_open
                0x000062cc      0x1bc C:/ti/simplelink_cc13xx_cc26xx_sdk_7_10_02_23/source\ti/drivers/lib/gcc/m4f/drivers_cc13x2.a(I2CCC26XX.c.obj)
                0x000062cc                I2C_open
 .text.I2CSupport_controllerFinish
                0x00006488       0x10 C:/ti/simplelink_cc13xx_cc26xx_sdk_7_10_02_23/source\ti/drivers/lib/gcc/m4f/drivers_cc13x2.a(I2CCC26XX.c.obj)
                0x00006488                I2CSupport_controllerFinish
 .text.I2CSupport_powerRelConstraint
                0x00006498        0x8 C:/ti/simplelink_cc13xx_cc26xx_sdk_7_10_02_23/source\ti/drivers/lib/gcc/m4f/drivers_cc13x2.a(I2CCC26XX.c.obj)
                0x00006498                I2CSupport_powerRelConstraint
 .text.I2CSupport_powerSetConstraint
                0x000064a0        0x8 C:/ti/simplelink_cc13xx_cc26xx_sdk_7_10_02_23/source\ti/drivers/lib/gcc/m4f/drivers_cc13x2.a(I2CCC26XX.c.obj)
                0x000064a0                I2CSupport_powerSetConstraint
 .text.I2CSupport_primeTransfer
                0x000064a8       0x8c C:/ti/simplelink_cc13xx_cc26xx_sdk_7_10_02_23/source\ti/drivers/lib/gcc/m4f/drivers_cc13x2.a(I2CCC26XX.c.obj)
                0x000064a8                I2CSupport_primeTransfer
 .text.I2CCC26XX_swiFxn
                0x00006534       0xb8 C:/ti/simplelink_cc13xx_cc26xx_sdk_7_10_02_23/source\ti/drivers/lib/gcc/m4f/drivers_cc13x2.a(I2CCC26XX.c.obj)
 .text.emptyClockFunc
                0x000065ec        0x4 C:/ti/simplelink_cc13xx_cc26xx_sdk_7_10_02_23/source\ti/drivers/lib/gcc/m4f/drivers_cc13x2.a(PowerCC26X2.c.obj)
 .text.nopResourceHandler
                0x000065f0        0x4 C:/ti/simplelink_cc13xx_cc26xx_sdk_7_10_02_23/source\ti/drivers/lib/gcc/m4f/drivers_cc13x2.a(PowerCC26X2.c.obj)
 .text.configureRFCoreClocks
                0x000065f4        0x4 C:/ti/simplelink_cc13xx_cc26xx_sdk_7_10_02_23/source\ti/drivers/lib/gcc/m4f/drivers_cc13x2.a(PowerCC26X2.c.obj)
 .text.switchToTCXO
                0x000065f8       0x80 C:/ti/simplelink_cc13xx_cc26xx_sdk_7_10_02_23/source\ti/drivers/lib/gcc/m4f/drivers_cc13x2.a(PowerCC26X2.c.obj)
 .text.configureXOSCHF
                0x00006678      0x12c C:/ti/simplelink_cc13xx_cc26xx_sdk_7_10_02_23/source\ti/drivers/lib/gcc/m4f/drivers_cc13x2.a(PowerCC26X2.c.obj)
 .text.oscillatorISR
                0x000067a4      0x12c C:/ti/simplelink_cc13xx_cc26xx_sdk_7_10_02_23/source\ti/drivers/lib/gcc/m4f/drivers_cc13x2.a(PowerCC26X2.c.obj)
 .text.Power_getConstraintMask
                0x000068d0        0xc C:/ti/simplelink_cc13xx_cc26xx_sdk_7_10_02_23/source\ti/drivers/lib/gcc/m4f/drivers_cc13x2.a(PowerCC26X2.c.obj)
                0x000068d0                Power_getConstraintMask
 .text.Power_getTransitionLatency
                0x000068dc       0x1c C:/ti/simplelink_cc13xx_cc26xx_sdk_7_10_02_23/source\ti/drivers/lib/gcc/m4f/drivers_cc13x2.a(PowerCC26X2.c.obj)
                0x000068dc                Power_getTransitionLatency
 .text.Power_idleFunc
                0x000068f8       0x18 C:/ti/simplelink_cc13xx_cc26xx_sdk_7_10_02_23/source\ti/drivers/lib/gcc/m4f/drivers_cc13x2.a(PowerCC26X2.c.obj)
                0x000068f8                Power_idleFunc
 .text.Power_init
                0x00006910      0x168 C:/ti/simplelink_cc13xx_cc26xx_sdk_7_10_02_23/source\ti/drivers/lib/gcc/m4f/drivers_cc13x2.a(PowerCC26X2.c.obj)
                0x00006910                Power_init
 .text.Power_registerNotify
                0x00006a78       0x24 C:/ti/simplelink_cc13xx_cc26xx_sdk_7_10_02_23/source\ti/drivers/lib/gcc/m4f/drivers_cc13x2.a(PowerCC26X2.c.obj)
                0x00006a78                Power_registerNotify
 .text.Power_releaseConstraint
                0x00006a9c       0x34 C:/ti/simplelink_cc13xx_cc26xx_sdk_7_10_02_23/source\ti/drivers/lib/gcc/m4f/drivers_cc13x2.a(PowerCC26X2.c.obj)
                0x00006a9c                Power_releaseConstraint
 .text.Power_releaseDependency
                0x00006ad0       0xc0 C:/ti/simplelink_cc13xx_cc26xx_sdk_7_10_02_23/source\ti/drivers/lib/gcc/m4f/drivers_cc13x2.a(PowerCC26X2.c.obj)
                0x00006ad0                Power_releaseDependency
 .text.Power_setConstraint
                0x00006b90       0x30 C:/ti/simplelink_cc13xx_cc26xx_sdk_7_10_02_23/source\ti/drivers/lib/gcc/m4f/drivers_cc13x2.a(PowerCC26X2.c.obj)
                0x00006b90                Power_setConstraint
 .text.Power_setDependency
                0x00006bc0       0xcc C:/ti/simplelink_cc13xx_cc26xx_sdk_7_10_02_23/source\ti/drivers/lib/gcc/m4f/drivers_cc13x2.a(PowerCC26X2.c.obj)
                0x00006bc0                Power_setDependency
 .text.Power_sleep
                0x00006c8c      0x1c8 C:/ti/simplelink_cc13xx_cc26xx_sdk_7_10_02_23/source\ti/drivers/lib/gcc/m4f/drivers_cc13x2.a(PowerCC26X2.c.obj)
                0x00006c8c                Power_sleep
 .text.PowerCC26XX_calibrate
                0x00006e54       0x18 C:/ti/simplelink_cc13xx_cc26xx_sdk_7_10_02_23/source\ti/drivers/lib/gcc/m4f/drivers_cc13x2.a(PowerCC26X2.c.obj)
                0x00006e54                PowerCC26XX_calibrate
 .text.PowerCC26X2_initiateCalibration
                0x00006e6c       0x74 C:/ti/simplelink_cc13xx_cc26xx_sdk_7_10_02_23/source\ti/drivers/lib/gcc/m4f/drivers_cc13x2.a(PowerCC26X2_calibrateRCOSC.c.obj)
                0x00006e6c                PowerCC26X2_initiateCalibration
 .text.PowerCC26X2_auxISR
                0x00006ee0      0x2ec C:/ti/simplelink_cc13xx_cc26xx_sdk_7_10_02_23/source\ti/drivers/lib/gcc/m4f/drivers_cc13x2.a(PowerCC26X2_calibrateRCOSC.c.obj)
                0x00006ee0                PowerCC26X2_auxISR
 .text.PowerCC26X2_calibrate
                0x000071cc      0x140 C:/ti/simplelink_cc13xx_cc26xx_sdk_7_10_02_23/source\ti/drivers/lib/gcc/m4f/drivers_cc13x2.a(PowerCC26X2_calibrateRCOSC.c.obj)
                0x000071cc                PowerCC26X2_calibrate
 .text.PowerCC26X2_RCOSC_clockFunc
                0x0000730c       0x4c C:/ti/simplelink_cc13xx_cc26xx_sdk_7_10_02_23/source\ti/drivers/lib/gcc/m4f/drivers_cc13x2.a(PowerCC26X2_calibrateRCOSC.c.obj)
                0x0000730c                PowerCC26X2_RCOSC_clockFunc
 .text.UART2_Params_init
                0x00007358       0x1c C:/ti/simplelink_cc13xx_cc26xx_sdk_7_10_02_23/source\ti/drivers/lib/gcc/m4f/drivers_cc13x2.a(UART2.c.obj)
                0x00007358                UART2_Params_init
 .text.UART2_writeTimeoutBlocking
                0x00007374      0x174 C:/ti/simplelink_cc13xx_cc26xx_sdk_7_10_02_23/source\ti/drivers/lib/gcc/m4f/drivers_cc13x2.a(UART2.c.obj)
                0x00007374                UART2_writeTimeoutBlocking
 .text.UART2_writeTimeoutNonblocking
                0x000074e8      0x134 C:/ti/simplelink_cc13xx_cc26xx_sdk_7_10_02_23/source\ti/drivers/lib/gcc/m4f/drivers_cc13x2.a(UART2.c.obj)
                0x000074e8                UART2_writeTimeoutNonblocking
 .text.UART2_writeTimeout
                0x0000761c       0x1c C:/ti/simplelink_cc13xx_cc26xx_sdk_7_10_02_23/source\ti/drivers/lib/gcc/m4f/drivers_cc13x2.a(UART2.c.obj)
                0x0000761c                UART2_writeTimeout
 .text.UART2_write
                0x00007638       0x14 C:/ti/simplelink_cc13xx_cc26xx_sdk_7_10_02_23/source\ti/drivers/lib/gcc/m4f/drivers_cc13x2.a(UART2.c.obj)
                0x00007638                UART2_write
 .text.UART2CC26X2_eventCallback
                0x0000764c        0x4 C:/ti/simplelink_cc13xx_cc26xx_sdk_7_10_02_23/source\ti/drivers/lib/gcc/m4f/drivers_cc13x2.a(UART2CC26X2.c.obj)
 .text.UART2CC26X2_postNotifyFxn
                0x00007650      0x138 C:/ti/simplelink_cc13xx_cc26xx_sdk_7_10_02_23/source\ti/drivers/lib/gcc/m4f/drivers_cc13x2.a(UART2CC26X2.c.obj)
 .text.UART2_open
                0x00007788      0x2fc C:/ti/simplelink_cc13xx_cc26xx_sdk_7_10_02_23/source\ti/drivers/lib/gcc/m4f/drivers_cc13x2.a(UART2CC26X2.c.obj)
                0x00007788                UART2_open
 .text.UART2Support_disableTx
                0x00007a84        0xc C:/ti/simplelink_cc13xx_cc26xx_sdk_7_10_02_23/source\ti/drivers/lib/gcc/m4f/drivers_cc13x2.a(UART2CC26X2.c.obj)
                0x00007a84                UART2Support_disableTx
 .text.UART2Support_dmaStartTx
                0x00007a90       0xe4 C:/ti/simplelink_cc13xx_cc26xx_sdk_7_10_02_23/source\ti/drivers/lib/gcc/m4f/drivers_cc13x2.a(UART2CC26X2.c.obj)
                0x00007a90                UART2Support_dmaStartTx
 .text.UART2Support_dmaStopRx
                0x00007b74       0x74 C:/ti/simplelink_cc13xx_cc26xx_sdk_7_10_02_23/source\ti/drivers/lib/gcc/m4f/drivers_cc13x2.a(UART2CC26X2.c.obj)
                0x00007b74                UART2Support_dmaStopRx
 .text.UART2Support_dmaStartRx
                0x00007be8      0x104 C:/ti/simplelink_cc13xx_cc26xx_sdk_7_10_02_23/source\ti/drivers/lib/gcc/m4f/drivers_cc13x2.a(UART2CC26X2.c.obj)
                0x00007be8                UART2Support_dmaStartRx
 .text.UART2Support_dmaStopTx
                0x00007cec       0x8c C:/ti/simplelink_cc13xx_cc26xx_sdk_7_10_02_23/source\ti/drivers/lib/gcc/m4f/drivers_cc13x2.a(UART2CC26X2.c.obj)
                0x00007cec                UART2Support_dmaStopTx
 .text.UART2CC26X2_hwiIntFxn
                0x00007d78      0x2bc C:/ti/simplelink_cc13xx_cc26xx_sdk_7_10_02_23/source\ti/drivers/lib/gcc/m4f/drivers_cc13x2.a(UART2CC26X2.c.obj)
 .text.UART2Support_enableTx
                0x00008034        0xc C:/ti/simplelink_cc13xx_cc26xx_sdk_7_10_02_23/source\ti/drivers/lib/gcc/m4f/drivers_cc13x2.a(UART2CC26X2.c.obj)
                0x00008034                UART2Support_enableTx
 .text.UART2Support_sendData
                0x00008040       0x3c C:/ti/simplelink_cc13xx_cc26xx_sdk_7_10_02_23/source\ti/drivers/lib/gcc/m4f/drivers_cc13x2.a(UART2CC26X2.c.obj)
                0x00008040                UART2Support_sendData
 .text.UART2Support_txDone
                0x0000807c       0x10 C:/ti/simplelink_cc13xx_cc26xx_sdk_7_10_02_23/source\ti/drivers/lib/gcc/m4f/drivers_cc13x2.a(UART2CC26X2.c.obj)
                0x0000807c                UART2Support_txDone
 .text.GPIO_hwiIntFxn
                0x0000808c       0x4c C:/ti/simplelink_cc13xx_cc26xx_sdk_7_10_02_23/source\ti/drivers/lib/gcc/m4f/drivers_cc13x2.a(GPIOCC26X2.c.obj)
                0x0000808c                GPIO_hwiIntFxn
 .text.GPIO_init
                0x000080d8      0x134 C:/ti/simplelink_cc13xx_cc26xx_sdk_7_10_02_23/source\ti/drivers/lib/gcc/m4f/drivers_cc13x2.a(GPIOCC26X2.c.obj)
                0x000080d8                GPIO_init
 .text.PowerCC26X2_updateSubSecInc
                0x0000820c       0x84 C:/ti/simplelink_cc13xx_cc26xx_sdk_7_10_02_23/source\ti/drivers/lib/gcc/m4f/drivers_cc13x2.a(PowerCC26X2_calibrateRCOSC_helpers.c.obj)
                0x0000820c                PowerCC26X2_updateSubSecInc
 .text.PowerCC26X2_readCtrim
                0x00008290       0x10 C:/ti/simplelink_cc13xx_cc26xx_sdk_7_10_02_23/source\ti/drivers/lib/gcc/m4f/drivers_cc13x2.a(PowerCC26X2_calibrateRCOSC_helpers.c.obj)
                0x00008290                PowerCC26X2_readCtrim
 .text.PowerCC26X2_readCtrimFract
                0x000082a0       0x10 C:/ti/simplelink_cc13xx_cc26xx_sdk_7_10_02_23/source\ti/drivers/lib/gcc/m4f/drivers_cc13x2.a(PowerCC26X2_calibrateRCOSC_helpers.c.obj)
                0x000082a0                PowerCC26X2_readCtrimFract
 .text.PowerCC26X2_readRtrim
                0x000082b0       0x10 C:/ti/simplelink_cc13xx_cc26xx_sdk_7_10_02_23/source\ti/drivers/lib/gcc/m4f/drivers_cc13x2.a(PowerCC26X2_calibrateRCOSC_helpers.c.obj)
                0x000082b0                PowerCC26X2_readRtrim
 .text.PowerCC26X2_writeCtrim
                0x000082c0       0x28 C:/ti/simplelink_cc13xx_cc26xx_sdk_7_10_02_23/source\ti/drivers/lib/gcc/m4f/drivers_cc13x2.a(PowerCC26X2_calibrateRCOSC_helpers.c.obj)
                0x000082c0                PowerCC26X2_writeCtrim
 .text.PowerCC26X2_writeCtrimFract
                0x000082e8       0x28 C:/ti/simplelink_cc13xx_cc26xx_sdk_7_10_02_23/source\ti/drivers/lib/gcc/m4f/drivers_cc13x2.a(PowerCC26X2_calibrateRCOSC_helpers.c.obj)
                0x000082e8                PowerCC26X2_writeCtrimFract
 .text.PowerCC26X2_writeCtrimFractEn
                0x00008310       0x28 C:/ti/simplelink_cc13xx_cc26xx_sdk_7_10_02_23/source\ti/drivers/lib/gcc/m4f/drivers_cc13x2.a(PowerCC26X2_calibrateRCOSC_helpers.c.obj)
                0x00008310                PowerCC26X2_writeCtrimFractEn
 .text.PowerCC26X2_writeRtrim
                0x00008338       0x28 C:/ti/simplelink_cc13xx_cc26xx_sdk_7_10_02_23/source\ti/drivers/lib/gcc/m4f/drivers_cc13x2.a(PowerCC26X2_calibrateRCOSC_helpers.c.obj)
                0x00008338                PowerCC26X2_writeRtrim
 .text.PowerCC26X2_setTdcClkSrc24M
                0x00008360       0x3c C:/ti/simplelink_cc13xx_cc26xx_sdk_7_10_02_23/source\ti/drivers/lib/gcc/m4f/drivers_cc13x2.a(PowerCC26X2_calibrateRCOSC_helpers.c.obj)
                0x00008360                PowerCC26X2_setTdcClkSrc24M
 .text.PowerCC26X2_setAclkRefSrc
                0x0000839c       0x40 C:/ti/simplelink_cc13xx_cc26xx_sdk_7_10_02_23/source\ti/drivers/lib/gcc/m4f/drivers_cc13x2.a(PowerCC26X2_calibrateRCOSC_helpers.c.obj)
                0x0000839c                PowerCC26X2_setAclkRefSrc
 .text.PowerCC26X2_oscCtlClearXtal
                0x000083dc       0x10 C:/ti/simplelink_cc13xx_cc26xx_sdk_7_10_02_23/source\ti/drivers/lib/gcc/m4f/drivers_cc13x2.a(PowerCC26X2_helpers.c.obj)
                0x000083dc                PowerCC26X2_oscCtlClearXtal
 .text.PowerCC26X2_prcmEnableCacheRetention
                0x000083ec       0x10 C:/ti/simplelink_cc13xx_cc26xx_sdk_7_10_02_23/source\ti/drivers/lib/gcc/m4f/drivers_cc13x2.a(PowerCC26X2_helpers.c.obj)
                0x000083ec                PowerCC26X2_prcmEnableCacheRetention
 .text.PowerCC26X2_oschfSwitchToRcosc
                0x000083fc        0x4 C:/ti/simplelink_cc13xx_cc26xx_sdk_7_10_02_23/source\ti/drivers/lib/gcc/m4f/drivers_cc13x2.a(PowerCC26X2_helpers.c.obj)
                0x000083fc                PowerCC26X2_oschfSwitchToRcosc
 .text.PowerCC26X2_oscClockSourceGet
                0x00008400        0xc C:/ti/simplelink_cc13xx_cc26xx_sdk_7_10_02_23/source\ti/drivers/lib/gcc/m4f/drivers_cc13x2.a(PowerCC26X2_helpers.c.obj)
                0x00008400                PowerCC26X2_oscClockSourceGet
 .text.PowerCC26X2_oscDisableQualifiers
                0x0000840c       0x3c C:/ti/simplelink_cc13xx_cc26xx_sdk_7_10_02_23/source\ti/drivers/lib/gcc/m4f/drivers_cc13x2.a(PowerCC26X2_helpers.c.obj)
                0x0000840c                PowerCC26X2_oscDisableQualifiers
 .text.PowerCC26X2_oschfTrySwitchToXosc
                0x00008448        0x8 C:/ti/simplelink_cc13xx_cc26xx_sdk_7_10_02_23/source\ti/drivers/lib/gcc/m4f/drivers_cc13x2.a(PowerCC26X2_helpers.c.obj)
                0x00008448                PowerCC26X2_oschfTrySwitchToXosc
 .text.PowerCC26X2_enableTCXOQual
                0x00008450       0x20 C:/ti/simplelink_cc13xx_cc26xx_sdk_7_10_02_23/source\ti/drivers/lib/gcc/m4f/drivers_cc13x2.a(PowerCC26X2_helpers.c.obj)
                0x00008450                PowerCC26X2_enableTCXOQual
 .text.PowerCC26X2_disableTCXOQual
                0x00008470       0x20 C:/ti/simplelink_cc13xx_cc26xx_sdk_7_10_02_23/source\ti/drivers/lib/gcc/m4f/drivers_cc13x2.a(PowerCC26X2_helpers.c.obj)
                0x00008470                PowerCC26X2_disableTCXOQual
 .text.PowerCC26X2_turnOnXosc
                0x00008490        0x4 C:/ti/simplelink_cc13xx_cc26xx_sdk_7_10_02_23/source\ti/drivers/lib/gcc/m4f/drivers_cc13x2.a(PowerCC26X2_helpers.c.obj)
                0x00008490                PowerCC26X2_turnOnXosc
 .text.PowerCC26X2_switchToTCXO
                0x00008494       0x10 C:/ti/simplelink_cc13xx_cc26xx_sdk_7_10_02_23/source\ti/drivers/lib/gcc/m4f/drivers_cc13x2.a(PowerCC26X2_helpers.c.obj)
                0x00008494                PowerCC26X2_switchToTCXO
 .text.PowerCC26X2_sysCtrlStandby
                0x000084a4        0xc C:/ti/simplelink_cc13xx_cc26xx_sdk_7_10_02_23/source\ti/drivers/lib/gcc/m4f/drivers_cc13x2.a(PowerCC26X2_helpers.c.obj)
                0x000084a4                PowerCC26X2_sysCtrlStandby
 .text.PowerCC26X2_setPeriphDeepSleepEnable
                0x000084b0        0xc C:/ti/simplelink_cc13xx_cc26xx_sdk_7_10_02_23/source\ti/drivers/lib/gcc/m4f/drivers_cc13x2.a(PowerCC26X2_helpers.c.obj)
                0x000084b0                PowerCC26X2_setPeriphDeepSleepEnable
 .text.PowerCC26X2_sysCtrlGetResetSource
                0x000084bc        0xc C:/ti/simplelink_cc13xx_cc26xx_sdk_7_10_02_23/source\ti/drivers/lib/gcc/m4f/drivers_cc13x2.a(PowerCC26X2_helpers.c.obj)
                0x000084bc                PowerCC26X2_sysCtrlGetResetSource
 .text.PowerCC26X2_setSubSecIncToXoscLf
                0x000084c8       0x30 C:/ti/simplelink_cc13xx_cc26xx_sdk_7_10_02_23/source\ti/drivers/lib/gcc/m4f/drivers_cc13x2.a(PowerCC26X2_helpers.c.obj)
                0x000084c8                PowerCC26X2_setSubSecIncToXoscLf
 .text.PowerCC26X2_sysCtrlUpdateVoltageRegulator
                0x000084f8        0xc C:/ti/simplelink_cc13xx_cc26xx_sdk_7_10_02_23/source\ti/drivers/lib/gcc/m4f/drivers_cc13x2.a(PowerCC26X2_helpers.c.obj)
                0x000084f8                PowerCC26X2_sysCtrlUpdateVoltageRegulator
 .text.List_put
                0x00008504       0x2c C:/ti/simplelink_cc13xx_cc26xx_sdk_7_10_02_23/source\ti/drivers/lib/gcc/m4f/drivers_cc13x2.a(List.c.obj)
                0x00008504                List_put
 .text.RingBuf_construct
                0x00008530       0x14 C:/ti/simplelink_cc13xx_cc26xx_sdk_7_10_02_23/source\ti/drivers/lib/gcc/m4f/drivers_cc13x2.a(RingBuf.c.obj)
                0x00008530                RingBuf_construct
 .text.RingBuf_getConsume
                0x00008544       0x30 C:/ti/simplelink_cc13xx_cc26xx_sdk_7_10_02_23/source\ti/drivers/lib/gcc/m4f/drivers_cc13x2.a(RingBuf.c.obj)
                0x00008544                RingBuf_getConsume
 .text.RingBuf_getCount
                0x00008574        0x4 C:/ti/simplelink_cc13xx_cc26xx_sdk_7_10_02_23/source\ti/drivers/lib/gcc/m4f/drivers_cc13x2.a(RingBuf.c.obj)
                0x00008574                RingBuf_getCount
 .text.RingBuf_getPointer
                0x00008578       0x28 C:/ti/simplelink_cc13xx_cc26xx_sdk_7_10_02_23/source\ti/drivers/lib/gcc/m4f/drivers_cc13x2.a(RingBuf.c.obj)
                0x00008578                RingBuf_getPointer
 .text.RingBuf_put
                0x000085a0       0x48 C:/ti/simplelink_cc13xx_cc26xx_sdk_7_10_02_23/source\ti/drivers/lib/gcc/m4f/drivers_cc13x2.a(RingBuf.c.obj)
                0x000085a0                RingBuf_put
 .text.RingBuf_putAdvance
                0x000085e8       0x3c C:/ti/simplelink_cc13xx_cc26xx_sdk_7_10_02_23/source\ti/drivers/lib/gcc/m4f/drivers_cc13x2.a(RingBuf.c.obj)
                0x000085e8                RingBuf_putAdvance
 .text.RingBuf_putPointer
                0x00008624       0x34 C:/ti/simplelink_cc13xx_cc26xx_sdk_7_10_02_23/source\ti/drivers/lib/gcc/m4f/drivers_cc13x2.a(RingBuf.c.obj)
                0x00008624                RingBuf_putPointer
 .text.UDMACC26XX_hwiIntFxn
                0x00008658        0xc C:/ti/simplelink_cc13xx_cc26xx_sdk_7_10_02_23/source\ti/drivers/lib/gcc/m4f/drivers_cc13x2.a(UDMACC26XX.c.obj)
                0x00008658                UDMACC26XX_hwiIntFxn
 .text.UDMACC26XX_open
                0x00008664       0x6c C:/ti/simplelink_cc13xx_cc26xx_sdk_7_10_02_23/source\ti/drivers/lib/gcc/m4f/drivers_cc13x2.a(UDMACC26XX.c.obj)
                0x00008664                UDMACC26XX_open
 .text.OSCHfSourceSwitch
                0x000086d0       0x34 C:/ti/simplelink_cc13xx_cc26xx_sdk_7_10_02_23/source\ti/devices/cc13x2_cc26x2/driverlib/bin/gcc/driverlib.lib(osc.o)
 .text.InternCapArrayAdjustWithBaseline7001F
                0x00008704       0x2c C:/ti/simplelink_cc13xx_cc26xx_sdk_7_10_02_23/source\ti/devices/cc13x2_cc26x2/driverlib/bin/gcc/driverlib.lib(osc.o)
 .text.SpecialCapArrayWorkaroundEnabledAndNeeded
                0x00008730       0x30 C:/ti/simplelink_cc13xx_cc26xx_sdk_7_10_02_23/source\ti/devices/cc13x2_cc26x2/driverlib/bin/gcc/driverlib.lib(osc.o)
 .text.NOROM_OSCHF_TurnOnXosc
                0x00008760       0x24 C:/ti/simplelink_cc13xx_cc26xx_sdk_7_10_02_23/source\ti/devices/cc13x2_cc26x2/driverlib/bin/gcc/driverlib.lib(osc.o)
                0x00008760                NOROM_OSCHF_TurnOnXosc
 .text.NOROM_OSCHF_AttemptToSwitchToXosc
                0x00008784       0x6c C:/ti/simplelink_cc13xx_cc26xx_sdk_7_10_02_23/source\ti/devices/cc13x2_cc26x2/driverlib/bin/gcc/driverlib.lib(osc.o)
                0x00008784                NOROM_OSCHF_AttemptToSwitchToXosc
 .text.NOROM_OSCHF_SwitchToRcOscTurnOffXosc
                0x000087f0       0x40 C:/ti/simplelink_cc13xx_cc26xx_sdk_7_10_02_23/source\ti/devices/cc13x2_cc26x2/driverlib/bin/gcc/driverlib.lib(osc.o)
                0x000087f0                NOROM_OSCHF_SwitchToRcOscTurnOffXosc
 .text.NOROM_OSC_CapArrayAdjustWorkaround_Boot
                0x00008830       0x28 C:/ti/simplelink_cc13xx_cc26xx_sdk_7_10_02_23/source\ti/devices/cc13x2_cc26x2/driverlib/bin/gcc/driverlib.lib(osc.o)
                0x00008830                NOROM_OSC_CapArrayAdjustWorkaround_Boot
 .text.NOROM_OSC_HPOSCRelativeFrequencyOffsetGet
                0x00008858       0x40 C:/ti/simplelink_cc13xx_cc26xx_sdk_7_10_02_23/source\ti/devices/cc13x2_cc26x2/driverlib/bin/gcc/driverlib.lib(osc.o)
                0x00008858                NOROM_OSC_HPOSCRelativeFrequencyOffsetGet
 .text.NOROM_CPUcpsid
                0x00008898        0x8 C:/ti/simplelink_cc13xx_cc26xx_sdk_7_10_02_23/source\ti/devices/cc13x2_cc26x2/driverlib/bin/gcc/driverlib.lib(cpu.o)
                0x00008898                NOROM_CPUcpsid
 .text.NOROM_CPUcpsie
                0x000088a0        0x8 C:/ti/simplelink_cc13xx_cc26xx_sdk_7_10_02_23/source\ti/devices/cc13x2_cc26x2/driverlib/bin/gcc/driverlib.lib(cpu.o)
                0x000088a0                NOROM_CPUcpsie
 .text.NOROM_CPUbasepriGet
                0x000088a8        0x6 C:/ti/simplelink_cc13xx_cc26xx_sdk_7_10_02_23/source\ti/devices/cc13x2_cc26x2/driverlib/bin/gcc/driverlib.lib(cpu.o)
                0x000088a8                NOROM_CPUbasepriGet
 .text.NOROM_CPUdelay
                0x000088ae        0x6 C:/ti/simplelink_cc13xx_cc26xx_sdk_7_10_02_23/source\ti/devices/cc13x2_cc26x2/driverlib/bin/gcc/driverlib.lib(cpu.o)
                0x000088ae                NOROM_CPUdelay
 .text.NOROM_IntRegister
                0x000088b4       0x34 C:/ti/simplelink_cc13xx_cc26xx_sdk_7_10_02_23/source\ti/devices/cc13x2_cc26x2/driverlib/bin/gcc/driverlib.lib(interrupt.o)
                0x000088b4                NOROM_IntRegister
 .text.TrimAfterColdResetWakeupFromShutDown
                0x000088e8       0xd0 C:/ti/simplelink_cc13xx_cc26xx_sdk_7_10_02_23/source\ti/devices/cc13x2_cc26x2/driverlib/bin/gcc/driverlib.lib(setup.o)
 .text.NOROM_SetupTrimDevice
                0x000089b8       0xe4 C:/ti/simplelink_cc13xx_cc26xx_sdk_7_10_02_23/source\ti/devices/cc13x2_cc26x2/driverlib/bin/gcc/driverlib.lib(setup.o)
                0x000089b8                NOROM_SetupTrimDevice
 .text.NOROM_PRCMPowerDomainsAllOff
                0x00008a9c       0x48 C:/ti/simplelink_cc13xx_cc26xx_sdk_7_10_02_23/source\ti/devices/cc13x2_cc26x2/driverlib/bin/gcc/driverlib.lib(prcm.o)
                0x00008a9c                NOROM_PRCMPowerDomainsAllOff
 .text.NOROM_PRCMPowerDomainsAllOn
                0x00008ae4       0x44 C:/ti/simplelink_cc13xx_cc26xx_sdk_7_10_02_23/source\ti/devices/cc13x2_cc26x2/driverlib/bin/gcc/driverlib.lib(prcm.o)
                0x00008ae4                NOROM_PRCMPowerDomainsAllOn
 .text.NOROM_AUXSYSIFOpModeChange
                0x00008b28       0x3c C:/ti/simplelink_cc13xx_cc26xx_sdk_7_10_02_23/source\ti/devices/cc13x2_cc26x2/driverlib/bin/gcc/driverlib.lib(aux_sysif.o)
                0x00008b28                NOROM_AUXSYSIFOpModeChange
 .text.NOROM_SysCtrlSetRechargeBeforePowerDown
                0x00008b64       0x80 C:/ti/simplelink_cc13xx_cc26xx_sdk_7_10_02_23/source\ti/devices/cc13x2_cc26x2/driverlib/bin/gcc/driverlib.lib(sys_ctrl.o)
                0x00008b64                NOROM_SysCtrlSetRechargeBeforePowerDown
 .text.NOROM_SysCtrlStandby
                0x00008be4       0xfc C:/ti/simplelink_cc13xx_cc26xx_sdk_7_10_02_23/source\ti/devices/cc13x2_cc26x2/driverlib/bin/gcc/driverlib.lib(sys_ctrl.o)
                0x00008be4                NOROM_SysCtrlStandby
 .text.NOROM_ChipInfo_GetChipFamily
                0x00008ce0       0x1c C:/ti/simplelink_cc13xx_cc26xx_sdk_7_10_02_23/source\ti/devices/cc13x2_cc26x2/driverlib/bin/gcc/driverlib.lib(chipinfo.o)
                0x00008ce0                NOROM_ChipInfo_GetChipFamily
 .text.NOROM_ChipInfo_GetHwRevision
                0x00008cfc       0x48 C:/ti/simplelink_cc13xx_cc26xx_sdk_7_10_02_23/source\ti/devices/cc13x2_cc26x2/driverlib/bin/gcc/driverlib.lib(chipinfo.o)
                0x00008cfc                NOROM_ChipInfo_GetHwRevision
 .text.NOROM_ThisLibraryIsFor_CC13x2_CC26x2_HwRev20AndLater_HaltIfViolated
                0x00008d44       0x16 C:/ti/simplelink_cc13xx_cc26xx_sdk_7_10_02_23/source\ti/devices/cc13x2_cc26x2/driverlib/bin/gcc/driverlib.lib(chipinfo.o)
                0x00008d44                NOROM_ThisLibraryIsFor_CC13x2_CC26x2_HwRev20AndLater_HaltIfViolated
 *fill*         0x00008d5a        0x2 
 .text.__errno  0x00008d5c        0xc c:/ti/gcc_arm_none_eabi_9_2_1/bin/../lib/gcc/arm-none-eabi/9.2.1/../../../../arm-none-eabi/lib/thumb/v7e-m+fp/hard\libc_nano.a(lib_a-errno.o)
                0x00008d5c                __errno
 .text.memcpy   0x00008d68       0x1c c:/ti/gcc_arm_none_eabi_9_2_1/bin/../lib/gcc/arm-none-eabi/9.2.1/../../../../arm-none-eabi/lib/thumb/v7e-m+fp/hard\libc_nano.a(lib_a-memcpy-stub.o)
                0x00008d68                memcpy
 .text.memset   0x00008d84       0x10 c:/ti/gcc_arm_none_eabi_9_2_1/bin/../lib/gcc/arm-none-eabi/9.2.1/../../../../arm-none-eabi/lib/thumb/v7e-m+fp/hard\libc_nano.a(lib_a-memset.o)
                0x00008d84                memset
 .text.cleanup_glue
                0x00008d94       0x1a c:/ti/gcc_arm_none_eabi_9_2_1/bin/../lib/gcc/arm-none-eabi/9.2.1/../../../../arm-none-eabi/lib/thumb/v7e-m+fp/hard\libc_nano.a(lib_a-reent.o)
                0x00008d94                cleanup_glue
 *fill*         0x00008dae        0x2 
 .text._reclaim_reent
                0x00008db0       0xb8 c:/ti/gcc_arm_none_eabi_9_2_1/bin/../lib/gcc/arm-none-eabi/9.2.1/../../../../arm-none-eabi/lib/thumb/v7e-m+fp/hard\libc_nano.a(lib_a-reent.o)
                0x00008db0                _reclaim_reent
 .text.sprintf  0x00008e68       0x40 c:/ti/gcc_arm_none_eabi_9_2_1/bin/../lib/gcc/arm-none-eabi/9.2.1/../../../../arm-none-eabi/lib/thumb/v7e-m+fp/hard\libc_nano.a(lib_a-sprintf.o)
                0x00008e68                siprintf
                0x00008e68                sprintf
 .text.sscanf   0x00008ea8       0x58 c:/ti/gcc_arm_none_eabi_9_2_1/bin/../lib/gcc/arm-none-eabi/9.2.1/../../../../arm-none-eabi/lib/thumb/v7e-m+fp/hard\libc_nano.a(lib_a-sscanf.o)
                0x00008ea8                siscanf
                0x00008ea8                sscanf
 .text.__seofread
                0x00008f00        0x4 c:/ti/gcc_arm_none_eabi_9_2_1/bin/../lib/gcc/arm-none-eabi/9.2.1/../../../../arm-none-eabi/lib/thumb/v7e-m+fp/hard\libc_nano.a(lib_a-stdio.o)
                0x00008f00                __seofread
 .text.__ssputs_r
                0x00008f04       0xb6 c:/ti/gcc_arm_none_eabi_9_2_1/bin/../lib/gcc/arm-none-eabi/9.2.1/../../../../arm-none-eabi/lib/thumb/v7e-m+fp/hard\libc_nano.a(lib_a-nano-svfprintf.o)
                0x00008f04                __ssputs_r
 *fill*         0x00008fba        0x2 
 .text._svfprintf_r
                0x00008fbc      0x200 c:/ti/gcc_arm_none_eabi_9_2_1/bin/../lib/gcc/arm-none-eabi/9.2.1/../../../../arm-none-eabi/lib/thumb/v7e-m+fp/hard\libc_nano.a(lib_a-nano-svfprintf.o)
                0x00008fbc                _svfiprintf_r
                0x00008fbc                _svfprintf_r
 .text._sungetc_r
                0x000091bc       0x7a c:/ti/gcc_arm_none_eabi_9_2_1/bin/../lib/gcc/arm-none-eabi/9.2.1/../../../../arm-none-eabi/lib/thumb/v7e-m+fp/hard\libc_nano.a(lib_a-nano-svfscanf.o)
                0x000091bc                _sungetc_r
 .text.__ssrefill_r
                0x00009236       0x3a c:/ti/gcc_arm_none_eabi_9_2_1/bin/../lib/gcc/arm-none-eabi/9.2.1/../../../../arm-none-eabi/lib/thumb/v7e-m+fp/hard\libc_nano.a(lib_a-nano-svfscanf.o)
                0x00009236                __ssrefill_r
 .text.__ssvfscanf_r
                0x00009270      0x2f0 c:/ti/gcc_arm_none_eabi_9_2_1/bin/../lib/gcc/arm-none-eabi/9.2.1/../../../../arm-none-eabi/lib/thumb/v7e-m+fp/hard\libc_nano.a(lib_a-nano-svfscanf.o)
                0x00009270                __ssvfiscanf_r
                0x00009270                __ssvfscanf_r
 .text._printf_common
                0x00009560       0xda c:/ti/gcc_arm_none_eabi_9_2_1/bin/../lib/gcc/arm-none-eabi/9.2.1/../../../../arm-none-eabi/lib/thumb/v7e-m+fp/hard\libc_nano.a(lib_a-nano-vfprintf_i.o)
                0x00009560                _printf_common
 *fill*         0x0000963a        0x2 
 .text._printf_i
                0x0000963c      0x24c c:/ti/gcc_arm_none_eabi_9_2_1/bin/../lib/gcc/arm-none-eabi/9.2.1/../../../../arm-none-eabi/lib/thumb/v7e-m+fp/hard\libc_nano.a(lib_a-nano-vfprintf_i.o)
                0x0000963c                _printf_i
 .text._scanf_chars
                0x00009888       0xb0 c:/ti/gcc_arm_none_eabi_9_2_1/bin/../lib/gcc/arm-none-eabi/9.2.1/../../../../arm-none-eabi/lib/thumb/v7e-m+fp/hard\libc_nano.a(lib_a-nano-vfscanf_i.o)
                0x00009888                _scanf_chars
 .text._scanf_i
                0x00009938      0x1e8 c:/ti/gcc_arm_none_eabi_9_2_1/bin/../lib/gcc/arm-none-eabi/9.2.1/../../../../arm-none-eabi/lib/thumb/v7e-m+fp/hard\libc_nano.a(lib_a-nano-vfscanf_i.o)
                0x00009938                _scanf_i
 .text.__sccl   0x00009b20       0x74 c:/ti/gcc_arm_none_eabi_9_2_1/bin/../lib/gcc/arm-none-eabi/9.2.1/../../../../arm-none-eabi/lib/thumb/v7e-m+fp/hard\libc_nano.a(lib_a-sccl.o)
                0x00009b20                __sccl
 .text._strtol_l.isra.0
                0x00009b94       0xf4 c:/ti/gcc_arm_none_eabi_9_2_1/bin/../lib/gcc/arm-none-eabi/9.2.1/../../../../arm-none-eabi/lib/thumb/v7e-m+fp/hard\libc_nano.a(lib_a-strtol.o)
 .text._strtol_r
                0x00009c88        0x4 c:/ti/gcc_arm_none_eabi_9_2_1/bin/../lib/gcc/arm-none-eabi/9.2.1/../../../../arm-none-eabi/lib/thumb/v7e-m+fp/hard\libc_nano.a(lib_a-strtol.o)
                0x00009c88                _strtol_r
 .text._strtoul_l.isra.0
                0x00009c8c       0xf8 c:/ti/gcc_arm_none_eabi_9_2_1/bin/../lib/gcc/arm-none-eabi/9.2.1/../../../../arm-none-eabi/lib/thumb/v7e-m+fp/hard\libc_nano.a(lib_a-strtoul.o)
 .text._strtoul_r
                0x00009d84        0x4 c:/ti/gcc_arm_none_eabi_9_2_1/bin/../lib/gcc/arm-none-eabi/9.2.1/../../../../arm-none-eabi/lib/thumb/v7e-m+fp/hard\libc_nano.a(lib_a-strtoul.o)
                0x00009d84                _strtoul_r
 .text.__submore
                0x00009d88       0x74 c:/ti/gcc_arm_none_eabi_9_2_1/bin/../lib/gcc/arm-none-eabi/9.2.1/../../../../arm-none-eabi/lib/thumb/v7e-m+fp/hard\libc_nano.a(lib_a-ungetc.o)
                0x00009d88                __submore
 .text.memmove  0x00009dfc       0x34 c:/ti/gcc_arm_none_eabi_9_2_1/bin/../lib/gcc/arm-none-eabi/9.2.1/../../../../arm-none-eabi/lib/thumb/v7e-m+fp/hard\libc_nano.a(lib_a-memmove.o)
                0x00009dfc                memmove
                0x00009e30                . = ALIGN (0x4)
 *(.ctors)
                0x00009e30                . = ALIGN (0x4)
 *(.dtors)
                0x00009e30                . = ALIGN (0x4)
                0x00009e30                __init_array_start = .
 *(.init_array*)
                0x00009e30                __init_array_end = .
 *(.init)
 *(.fini*)
                [!provide]                PROVIDE (__etext = .)
                [!provide]                PROVIDE (_etext = .)
                [!provide]                PROVIDE (etext = .)

.glue_7         0x00009e30        0x0
 .glue_7        0x00009e30        0x0 linker stubs

.glue_7t        0x00009e30        0x0
 .glue_7t       0x00009e30        0x0 linker stubs

.vfp11_veneer   0x00009e30        0x0
 .vfp11_veneer  0x00009e30        0x0 linker stubs

.v4_bx          0x00009e30        0x0
 .v4_bx         0x00009e30        0x0 linker stubs

.iplt           0x00009e30        0x0
 .iplt          0x00009e30        0x0 ./cJSON.o

.rodata         0x00009e30      0x6f6
 *(.rodata)
 .rodata        0x00009e30        0xc c:/ti/gcc_arm_none_eabi_9_2_1/bin/../lib/gcc/arm-none-eabi/9.2.1/../../../../arm-none-eabi/lib/thumb/v7e-m+fp/hard\libc_nano.a(lib_a-nano-vfscanf_i.o)
 *(.rodata.*)
 .rodata.print_string_ptr.part.0.str1.4
                0x00009e3c        0x6 ./cJSON.o
 *fill*         0x00009e42        0x2 
 .rodata.print_value.part.0.str1.4
                0x00009e44       0x33 ./cJSON.o
 *fill*         0x00009e77        0x1 
 .rodata.GPIO_config
                0x00009e78       0x10 ./syscfg/ti_drivers_config.o
                0x00009e78                GPIO_config
 .rodata.GPIO_pinLowerBound
                0x00009e88        0x1 ./syscfg/ti_drivers_config.o
                0x00009e88                GPIO_pinLowerBound
 .rodata.GPIO_pinUpperBound
                0x00009e89        0x1 ./syscfg/ti_drivers_config.o
                0x00009e89                GPIO_pinUpperBound
 *fill*         0x00009e8a        0x2 
 .rodata.I2C_config
                0x00009e8c        0x8 ./syscfg/ti_drivers_config.o
                0x00009e8c                I2C_config
 .rodata.I2C_count
                0x00009e94        0x1 ./syscfg/ti_drivers_config.o
                0x00009e94                I2C_count
 *fill*         0x00009e95        0x3 
 .rodata.PowerCC26X2_config
                0x00009e98       0x14 ./syscfg/ti_drivers_config.o
                0x00009e98                PowerCC26X2_config
 .rodata.UART2_config
                0x00009eac        0x8 ./syscfg/ti_drivers_config.o
                0x00009eac                UART2_config
 .rodata.UART2_count
                0x00009eb4        0x1 ./syscfg/ti_drivers_config.o
                0x00009eb4                UART2_count
 *fill*         0x00009eb5        0x3 
 .rodata.UDMACC26XX_config
                0x00009eb8        0x8 ./syscfg/ti_drivers_config.o
                0x00009eb8                UDMACC26XX_config
 .rodata.i2cCC26xxHWAttrs
                0x00009ec0       0x18 ./syscfg/ti_drivers_config.o
                0x00009ec0                i2cCC26xxHWAttrs
 .rodata.uart2CC26X2HWAttrs
                0x00009ed8       0x58 ./syscfg/ti_drivers_config.o
 .rodata.udmaCC26XXHWAttrs
                0x00009f30        0x8 ./syscfg/ti_drivers_config.o
                0x00009f30                udmaCC26XXHWAttrs
 .rodata.SwiP_defaultParams
                0x00009f38       0x10 ./syscfg/ti_freertos_config.o
 .rodata.TaskSendData.str1.4
                0x00009f48       0x4c ./main_freertos.o
 .rodata.floatToString.str1.4
                0x00009f94        0x9 ./main_freertos.o
 *fill*         0x00009f9d        0x3 
 .rodata.TaskDisplay.str1.4
                0x00009fa0        0x7 ./main_freertos.o
 *fill*         0x00009fa7        0x1 
 .rodata.main.str1.4
                0x00009fa8       0x1d ./main_freertos.o
 *fill*         0x00009fc5        0x3 
 .rodata.BasicFont
                0x00009fc8      0x300 ./main_freertos.o
                0x00009fc8                BasicFont
 .rodata.I2C_defaultParams
                0x0000a2c8       0x10 C:/ti/simplelink_cc13xx_cc26xx_sdk_7_10_02_23/source\ti/drivers/lib/gcc/m4f/drivers_cc13x2.a(I2CCC26XX.c.obj)
 .rodata.resourceDB
                0x0000a2d8       0x54 C:/ti/simplelink_cc13xx_cc26xx_sdk_7_10_02_23/source\ti/drivers/lib/gcc/m4f/drivers_cc13x2.a(PowerCC26X2.c.obj)
                0x0000a2d8                resourceDB
 .rodata.UART2_defaultParams
                0x0000a32c       0x24 C:/ti/simplelink_cc13xx_cc26xx_sdk_7_10_02_23/source\ti/drivers/lib/gcc/m4f/drivers_cc13x2.a(UART2.c.obj)
                0x0000a32c                UART2_defaultParams
 .rodata.dataLength
                0x0000a350        0x4 C:/ti/simplelink_cc13xx_cc26xx_sdk_7_10_02_23/source\ti/drivers/lib/gcc/m4f/drivers_cc13x2.a(UART2CC26X2.c.obj)
 .rodata.parityType
                0x0000a354        0x5 C:/ti/simplelink_cc13xx_cc26xx_sdk_7_10_02_23/source\ti/drivers/lib/gcc/m4f/drivers_cc13x2.a(UART2CC26X2.c.obj)
 *fill*         0x0000a359        0x3 
 .rodata.rxFifoThreshold
                0x0000a35c        0x5 C:/ti/simplelink_cc13xx_cc26xx_sdk_7_10_02_23/source\ti/drivers/lib/gcc/m4f/drivers_cc13x2.a(UART2CC26X2.c.obj)
 *fill*         0x0000a361        0x3 
 .rodata.stopBits
                0x0000a364        0x2 C:/ti/simplelink_cc13xx_cc26xx_sdk_7_10_02_23/source\ti/drivers/lib/gcc/m4f/drivers_cc13x2.a(UART2CC26X2.c.obj)
 *fill*         0x0000a366        0x2 
 .rodata.txFifoThreshold
                0x0000a368        0x5 C:/ti/simplelink_cc13xx_cc26xx_sdk_7_10_02_23/source\ti/drivers/lib/gcc/m4f/drivers_cc13x2.a(UART2CC26X2.c.obj)
 .rodata.g_OpMode_to_order
                0x0000a36d        0x4 C:/ti/simplelink_cc13xx_cc26xx_sdk_7_10_02_23/source\ti/devices/cc13x2_cc26x2/driverlib/bin/gcc/driverlib.lib(aux_sysif.o)
 .rodata.g_Order_to_OpMode
                0x0000a371        0x4 C:/ti/simplelink_cc13xx_cc26xx_sdk_7_10_02_23/source\ti/devices/cc13x2_cc26x2/driverlib/bin/gcc/driverlib.lib(aux_sysif.o)
 .rodata._ctype_
                0x0000a375      0x101 c:/ti/gcc_arm_none_eabi_9_2_1/bin/../lib/gcc/arm-none-eabi/9.2.1/../../../../arm-none-eabi/lib/thumb/v7e-m+fp/hard\libc_nano.a(lib_a-ctype_.o)
                0x0000a375                _ctype_
 *fill*         0x0000a476        0x2 
 .rodata.__sf_fake_stderr
                0x0000a478       0x20 c:/ti/gcc_arm_none_eabi_9_2_1/bin/../lib/gcc/arm-none-eabi/9.2.1/../../../../arm-none-eabi/lib/thumb/v7e-m+fp/hard\libc_nano.a(lib_a-findfp.o)
                0x0000a478                __sf_fake_stderr
 .rodata.__sf_fake_stdin
                0x0000a498       0x20 c:/ti/gcc_arm_none_eabi_9_2_1/bin/../lib/gcc/arm-none-eabi/9.2.1/../../../../arm-none-eabi/lib/thumb/v7e-m+fp/hard\libc_nano.a(lib_a-findfp.o)
                0x0000a498                __sf_fake_stdin
 .rodata.__sf_fake_stdout
                0x0000a4b8       0x20 c:/ti/gcc_arm_none_eabi_9_2_1/bin/../lib/gcc/arm-none-eabi/9.2.1/../../../../arm-none-eabi/lib/thumb/v7e-m+fp/hard\libc_nano.a(lib_a-findfp.o)
                0x0000a4b8                __sf_fake_stdout
 .rodata._svfprintf_r.str1.1
                0x0000a4d8       0x11 c:/ti/gcc_arm_none_eabi_9_2_1/bin/../lib/gcc/arm-none-eabi/9.2.1/../../../../arm-none-eabi/lib/thumb/v7e-m+fp/hard\libc_nano.a(lib_a-nano-svfprintf.o)
 .rodata.__ssvfscanf_r.str1.1
                0x0000a4e9        0x4 c:/ti/gcc_arm_none_eabi_9_2_1/bin/../lib/gcc/arm-none-eabi/9.2.1/../../../../arm-none-eabi/lib/thumb/v7e-m+fp/hard\libc_nano.a(lib_a-nano-svfscanf.o)
 .rodata._printf_i.str1.1
                0x0000a4e9       0x22 c:/ti/gcc_arm_none_eabi_9_2_1/bin/../lib/gcc/arm-none-eabi/9.2.1/../../../../arm-none-eabi/lib/thumb/v7e-m+fp/hard\libc_nano.a(lib_a-nano-vfprintf_i.o)
 .rodata.str1.1
                0x0000a50b        0x9 c:/ti/gcc_arm_none_eabi_9_2_1/bin/../lib/gcc/arm-none-eabi/9.2.1/../../../../arm-none-eabi/lib/thumb/v7e-m+fp/hard\libc_nano.a(lib_a-nano-vfscanf_i.o)
 .rodata._scanf_i.str1.1
                0x0000a514       0x12 c:/ti/gcc_arm_none_eabi_9_2_1/bin/../lib/gcc/arm-none-eabi/9.2.1/../../../../arm-none-eabi/lib/thumb/v7e-m+fp/hard\libc_nano.a(lib_a-nano-vfscanf_i.o)
 *(.rodata_*)

.data           0x20001830      0x27c load address 0x0000a528
                0x0000a528                __data_load__ = LOADADDR (.data)
                0x20001830                __data_start__ = .
 *(.data)
 *(.data.*)
 .data.global_hooks
                0x20001830        0xc ./cJSON.o
 .data.gpioPinConfigs
                0x2000183c       0x7c ./syscfg/ti_drivers_config.o
                0x2000183c                gpioPinConfigs
 .data.HwiP_swiPIntNum
                0x200018b8        0x4 ./syscfg/ti_freertos_config.o
                0x200018b8                HwiP_swiPIntNum
 .data.TimerP_defaultParams
                0x200018bc        0xc ./syscfg/ti_freertos_config.o
 .data.uxTopUsedPriority
                0x200018c8        0x4 ./syscfg/ti_freertos_config.o
                0x200018c8                uxTopUsedPriority
 .data.uxCriticalNesting
                0x200018cc        0x4 ./syscfg/ti_freertos_portable_config.o
 .data.PowerCC26X2_module
                0x200018d0      0x174 C:/ti/simplelink_cc13xx_cc26xx_sdk_7_10_02_23/source\ti/drivers/lib/gcc/m4f/drivers_cc13x2.a(PowerCC26X2.c.obj)
                0x200018d0                PowerCC26X2_module
 .data.PowerCC26X2_rtcSubSecInc
                0x20001a44        0x4 C:/ti/simplelink_cc13xx_cc26xx_sdk_7_10_02_23/source\ti/drivers/lib/gcc/m4f/drivers_cc13x2.a(PowerCC26X2.c.obj)
 .data._impure_ptr
                0x20001a48        0x4 c:/ti/gcc_arm_none_eabi_9_2_1/bin/../lib/gcc/arm-none-eabi/9.2.1/../../../../arm-none-eabi/lib/thumb/v7e-m+fp/hard\libc_nano.a(lib_a-impure.o)
                0x20001a48                _impure_ptr
 .data.impure_data
                0x20001a4c       0x60 c:/ti/gcc_arm_none_eabi_9_2_1/bin/../lib/gcc/arm-none-eabi/9.2.1/../../../../arm-none-eabi/lib/thumb/v7e-m+fp/hard\libc_nano.a(lib_a-impure.o)
                0x20001aac                . = ALIGN (0x4)
                0x20001aac                __data_end__ = .

.igot.plt       0x20001aac        0x0 load address 0x0000a7a4
 .igot.plt      0x20001aac        0x0 ./cJSON.o

.ARM.exidx      0x0000a7a4        0x8
                0x0000a7a4                __exidx_start = .
 *(.ARM.exidx* .gnu.linkonce.armexidx.*)
 .ARM.exidx     0x0000a7a4        0x8 c:/ti/gcc_arm_none_eabi_9_2_1/bin/../lib/gcc/arm-none-eabi/9.2.1/thumb/v7e-m+fp/hard\libgcc.a(_udivmoddi4.o)
                0x0000a7ac                __exidx_end = .

.ARM.extab
 *(.ARM.extab* .gnu.linkonce.armextab.*)

.nvs
 *(.nvs)

.ccfg           0x00057fa8       0x58
 *(.ccfg)
 .ccfg          0x00057fa8       0x58 ./syscfg/ti_devices_config.o
                0x00057fa8                __ccfg

.rel.dyn        0x00058000        0x0
 .rel.iplt      0x00058000        0x0 ./cJSON.o

.bss            0x20001ab0     0x9094
                0x20001ab0                __bss_start__ = .
 *(.shbss)
 *(.bss)
 *(.bss.*)
 .bss.uart2RxRingBuffer0
                0x20001ab0       0x20 ./syscfg/ti_drivers_config.o
 .bss.uart2TxRingBuffer0
                0x20001ad0       0x20 ./syscfg/ti_drivers_config.o
 .bss.ClockP_defaultParams
                0x20001af0        0xc ./syscfg/ti_freertos_config.o
 .bss.ClockP_initialized
                0x20001afc        0x1 ./syscfg/ti_freertos_config.o
 *fill*         0x20001afd        0x3 
 .bss.ClockP_module
                0x20001b00       0xa8 ./syscfg/ti_freertos_config.o
 .bss.HwiP_dispatchTable
                0x20001ba8       0xd8 ./syscfg/ti_freertos_config.o
 .bss.PowerCC26X2_idleTimeOS
                0x20001c80        0x4 ./syscfg/ti_freertos_config.o
 .bss.SwiP_currentTrigger
                0x20001c84        0x4 ./syscfg/ti_freertos_config.o
 .bss.SwiP_hwiStruct
                0x20001c88       0x1c ./syscfg/ti_freertos_config.o
 .bss.SwiP_initialized
                0x20001ca4        0x1 ./syscfg/ti_freertos_config.o
 *fill*         0x20001ca5        0x3 
 .bss.SwiP_lockState
                0x20001ca8        0x4 ./syscfg/ti_freertos_config.o
 .bss.SwiP_readyList
                0x20001cac       0x20 ./syscfg/ti_freertos_config.o
 .bss.SwiP_readyMask
                0x20001ccc        0x4 ./syscfg/ti_freertos_config.o
 .bss.SwiP_schedulerRunning
                0x20001cd0        0x1 ./syscfg/ti_freertos_config.o
 *fill*         0x20001cd1        0x3 
 .bss.TimerPCC26XX_hooks
                0x20001cd4        0x8 ./syscfg/ti_freertos_config.o
                0x20001cd4                TimerPCC26XX_hooks
 .bss.TimerP_handle
                0x20001cdc        0x4 ./syscfg/ti_freertos_config.o
 .bss.TimerP_hwiStruct
                0x20001ce0       0x1c ./syscfg/ti_freertos_config.o
 .bss.TimerP_initialized
                0x20001cfc        0x1 ./syscfg/ti_freertos_config.o
 *fill*         0x20001cfd        0x3 
 .bss.pxCurrentTCB
                0x20001d00        0x4 ./syscfg/ti_freertos_config.o
                0x20001d00                pxCurrentTCB
 .bss.pxCurrentTimerList
                0x20001d04        0x4 ./syscfg/ti_freertos_config.o
 .bss.pxDelayedTaskList
                0x20001d08        0x4 ./syscfg/ti_freertos_config.o
 .bss.pxEnd     0x20001d0c        0x4 ./syscfg/ti_freertos_config.o
 .bss.pxOverflowDelayedTaskList
                0x20001d10        0x4 ./syscfg/ti_freertos_config.o
 .bss.pxOverflowTimerList
                0x20001d14        0x4 ./syscfg/ti_freertos_config.o
 .bss.pxReadyTasksLists
                0x20001d18       0xc8 ./syscfg/ti_freertos_config.o
 .bss.ucHeap    0x20001de0     0x8000 ./syscfg/ti_freertos_config.o
 .bss.ucStaticTimerQueueStorage.7803
                0x20009de0      0x140 ./syscfg/ti_freertos_config.o
 .bss.uxCurrentNumberOfTasks
                0x20009f20        0x4 ./syscfg/ti_freertos_config.o
 .bss.uxDeletedTasksWaitingCleanUp
                0x20009f24        0x4 ./syscfg/ti_freertos_config.o
 .bss.uxIdleTaskStack.8862
                0x20009f28      0x200 ./syscfg/ti_freertos_config.o
 .bss.uxSchedulerSuspended
                0x2000a128        0x4 ./syscfg/ti_freertos_config.o
 .bss.uxTaskNumber
                0x2000a12c        0x4 ./syscfg/ti_freertos_config.o
 .bss.uxTimerTaskStack.8869
                0x2000a130      0x200 ./syscfg/ti_freertos_config.o
 .bss.uxTopReadyPriority
                0x2000a330        0x4 ./syscfg/ti_freertos_config.o
 .bss.xActiveTimerList1
                0x2000a334       0x14 ./syscfg/ti_freertos_config.o
 .bss.xActiveTimerList2
                0x2000a348       0x14 ./syscfg/ti_freertos_config.o
 .bss.xDelayedTaskList1
                0x2000a35c       0x14 ./syscfg/ti_freertos_config.o
 .bss.xDelayedTaskList2
                0x2000a370       0x14 ./syscfg/ti_freertos_config.o
 .bss.xFreeBytesRemaining
                0x2000a384        0x4 ./syscfg/ti_freertos_config.o
 .bss.xIdleTaskTCB.8861
                0x2000a388       0xc4 ./syscfg/ti_freertos_config.o
 .bss.xLastTime.7759
                0x2000a44c        0x4 ./syscfg/ti_freertos_config.o
 .bss.xMinimumEverFreeBytesRemaining
                0x2000a450        0x4 ./syscfg/ti_freertos_config.o
 .bss.xNextTaskUnblockTime
                0x2000a454        0x4 ./syscfg/ti_freertos_config.o
 .bss.xNumOfOverflows
                0x2000a458        0x4 ./syscfg/ti_freertos_config.o
 .bss.xNumberOfSuccessfulAllocations
                0x2000a45c        0x4 ./syscfg/ti_freertos_config.o
 .bss.xNumberOfSuccessfulFrees
                0x2000a460        0x4 ./syscfg/ti_freertos_config.o
 .bss.xPendedTicks
                0x2000a464        0x4 ./syscfg/ti_freertos_config.o
 .bss.xPendingReadyList
                0x2000a468       0x14 ./syscfg/ti_freertos_config.o
 .bss.xSchedulerRunning
                0x2000a47c        0x4 ./syscfg/ti_freertos_config.o
 .bss.xStart    0x2000a480        0x8 ./syscfg/ti_freertos_config.o
 .bss.xStaticTimerQueue.7802
                0x2000a488       0x50 ./syscfg/ti_freertos_config.o
 .bss.xSuspendedTaskList
                0x2000a4d8       0x14 ./syscfg/ti_freertos_config.o
 .bss.xTasksWaitingTermination
                0x2000a4ec       0x14 ./syscfg/ti_freertos_config.o
 .bss.xTickCount
                0x2000a500        0x4 ./syscfg/ti_freertos_config.o
 .bss.xTimerQueue
                0x2000a504        0x4 ./syscfg/ti_freertos_config.o
 .bss.xTimerTaskHandle
                0x2000a508        0x4 ./syscfg/ti_freertos_config.o
 .bss.xTimerTaskTCB.8868
                0x2000a50c       0xc4 ./syscfg/ti_freertos_config.o
 .bss.xYieldPending
                0x2000a5d0        0x4 ./syscfg/ti_freertos_config.o
 .bss.ucMaxSysCallPriority
                0x2000a5d4        0x1 ./syscfg/ti_freertos_portable_config.o
 *fill*         0x2000a5d5        0x3 
 .bss.ulMaxPRIGROUPValue
                0x2000a5d8        0x4 ./syscfg/ti_freertos_portable_config.o
 .bss.ulStoppedTimerCompensation
                0x2000a5dc        0x4 ./syscfg/ti_freertos_portable_config.o
 .bss.ulTimerCountsForOneTick
                0x2000a5e0        0x4 ./syscfg/ti_freertos_portable_config.o
 .bss.xMaximumPossibleSuppressedTicks
                0x2000a5e4        0x4 ./syscfg/ti_freertos_portable_config.o
 .bss.i2cTransaction
                0x2000a5e8       0x20 ./main_freertos.o
                0x2000a5e8                i2cTransaction
 .bss.gpioHwi   0x2000a608       0x1c C:/ti/simplelink_cc13xx_cc26xx_sdk_7_10_02_23/source\ti/drivers/lib/gcc/m4f/drivers_cc13x2.a(GPIOCC26X2.c.obj)
 .bss.initCalled
                0x2000a624        0x1 C:/ti/simplelink_cc13xx_cc26xx_sdk_7_10_02_23/source\ti/drivers/lib/gcc/m4f/drivers_cc13x2.a(GPIOCC26X2.c.obj)
 *fill*         0x2000a625        0x3 
 .bss._hposcCoeffs
                0x2000a628       0x10 C:/ti/simplelink_cc13xx_cc26xx_sdk_7_10_02_23/source\ti/devices/cc13x2_cc26x2/driverlib/bin/gcc/driverlib.lib(osc.o)
                0x2000a628                _hposcCoeffs
 .bss.oscHfGlobals
                0x2000a638       0x14 C:/ti/simplelink_cc13xx_cc26xx_sdk_7_10_02_23/source\ti/devices/cc13x2_cc26x2/driverlib/bin/gcc/driverlib.lib(osc.o)
 *(COMMON)
 COMMON         0x2000a64c      0x4a0 ./syscfg/ti_drivers_config.o
                0x2000a64c                uart2CC26X2Objects
                0x2000a7bc                gptimerCC26XXObjects
                0x2000a808                gpioCallbackFunctions
                0x2000a884                udmaCC26XXObject
                0x2000a8a4                i2cCC26xxObjects
                0x2000a9e4                timerCC26XXObjects
                0x2000aa70                gpioUserArgs
 COMMON         0x2000aaec       0x58 ./main_freertos.o
                0x2000aaec                grayH
                0x2000aaf0                uartParams
                0x2000ab14                i2cParams
                0x2000ab24                xQueueSerial
                0x2000ab28                xTaskDisplayHandle
                0x2000ab2c                i2c
                0x2000ab30                xQueue
                0x2000ab34                xTaskSendDataHandle
                0x2000ab38                grayL
                0x2000ab3c                xTaskSensorReadHandle
                0x2000ab40                uart
                0x2000ab44                . = ALIGN (0x4)
                0x2000ab44                __bss_end__ = .

.heap           0x2000ab44        0x0
                0x2000ab44                __heap_start__ = .
                0x2000ab44                end = __heap_start__
                0x2000ab44                _end = end
                0x2000ab44                __end = end
 *(.heap)
                0x2000ab44                __heap_end__ = .
                0x2000ab44                __HeapLimit = __heap_end__

.stack          0x2000ab48      0x800
                0x2000ab48                _stack = .
                0x2000ab48                __stack = .
 *(.stack)
                0x2000b348                . = (. + STACKSIZE)
 *fill*         0x2000ab48      0x800 
                0x2000b348                _stack_end = .
                0x2000b348                __stack_end = .

.log_data
 *(.log_data)

.log_ptr
 *(.log_ptr*)
LOAD C:/Users/phine/workspace_v12/gpiointerrupt_CC1352R1_LAUNCHXL_freertos_gcc/Debug/syscfg\ti_utils_build_linker.cmd.genlibs
LOAD C:/ti/simplelink_cc13xx_cc26xx_sdk_7_10_02_23/source\ti/drivers/lib/gcc/m4f/drivers_cc13x2.a
LOAD C:/ti/simplelink_cc13xx_cc26xx_sdk_7_10_02_23/source\ti/grlib/lib/gcc/m4f/grlib.a
LOAD C:/ti/simplelink_cc13xx_cc26xx_sdk_7_10_02_23/source\ti/devices/cc13x2_cc26x2/driverlib/bin/gcc/driverlib.lib
LOAD c:/ti/gcc_arm_none_eabi_9_2_1/bin/../lib/gcc/arm-none-eabi/9.2.1/thumb/v7e-m+fp/hard\libgcc.a
LOAD c:/ti/gcc_arm_none_eabi_9_2_1/bin/../lib/gcc/arm-none-eabi/9.2.1/../../../../arm-none-eabi/lib/thumb/v7e-m+fp/hard\libc_nano.a
LOAD c:/ti/gcc_arm_none_eabi_9_2_1/bin/../lib/gcc/arm-none-eabi/9.2.1/../../../../arm-none-eabi/lib/thumb/v7e-m+fp/hard\libm.a
LOAD c:/ti/gcc_arm_none_eabi_9_2_1/bin/../lib/gcc/arm-none-eabi/9.2.1/../../../../arm-none-eabi/lib/thumb/v7e-m+fp/hard\libnosys.a
START GROUP
LOAD c:/ti/gcc_arm_none_eabi_9_2_1/bin/../lib/gcc/arm-none-eabi/9.2.1/thumb/v7e-m+fp/hard\libgcc.a
LOAD c:/ti/gcc_arm_none_eabi_9_2_1/bin/../lib/gcc/arm-none-eabi/9.2.1/../../../../arm-none-eabi/lib/thumb/v7e-m+fp/hard\libg_nano.a
LOAD c:/ti/gcc_arm_none_eabi_9_2_1/bin/../lib/gcc/arm-none-eabi/9.2.1/../../../../arm-none-eabi/lib/thumb/v7e-m+fp/hard\libc_nano.a
END GROUP
START GROUP
LOAD c:/ti/gcc_arm_none_eabi_9_2_1/bin/../lib/gcc/arm-none-eabi/9.2.1/thumb/v7e-m+fp/hard\libgcc.a
LOAD c:/ti/gcc_arm_none_eabi_9_2_1/bin/../lib/gcc/arm-none-eabi/9.2.1/../../../../arm-none-eabi/lib/thumb/v7e-m+fp/hard\libc_nano.a
END GROUP
OUTPUT(gpiointerrupt_CC1352R1_LAUNCHXL_freertos_gcc.out elf32-littlearm)

.debug_info     0x00000000    0x3c234
 .debug_info    0x00000000     0x5d21 ./cJSON.o
 .debug_info    0x00005d21      0x1d2 ./syscfg/ti_devices_config.o
 .debug_info    0x00005ef3     0x1964 ./syscfg/ti_drivers_config.o
 .debug_info    0x00007857    0x1be9c ./syscfg/ti_freertos_config.o
 .debug_info    0x000236f3      0xeeb ./syscfg/ti_freertos_portable_config.o
 .debug_info    0x000245de     0x239e ./main_freertos.o
 .debug_info    0x0002697c     0x1225 C:/ti/simplelink_cc13xx_cc26xx_sdk_7_10_02_23/source\ti/drivers/lib/gcc/m4f/drivers_cc13x2.a(GPIOCC26XX.c.obj)
 .debug_info    0x00027ba1     0x11d4 C:/ti/simplelink_cc13xx_cc26xx_sdk_7_10_02_23/source\ti/drivers/lib/gcc/m4f/drivers_cc13x2.a(I2C.c.obj)
 .debug_info    0x00028d75     0x2353 C:/ti/simplelink_cc13xx_cc26xx_sdk_7_10_02_23/source\ti/drivers/lib/gcc/m4f/drivers_cc13x2.a(I2CCC26XX.c.obj)
 .debug_info    0x0002b0c8     0x303c C:/ti/simplelink_cc13xx_cc26xx_sdk_7_10_02_23/source\ti/drivers/lib/gcc/m4f/drivers_cc13x2.a(PowerCC26X2.c.obj)
 .debug_info    0x0002e104     0x1278 C:/ti/simplelink_cc13xx_cc26xx_sdk_7_10_02_23/source\ti/drivers/lib/gcc/m4f/drivers_cc13x2.a(PowerCC26X2_calibrateRCOSC.c.obj)
 .debug_info    0x0002f37c     0x2138 C:/ti/simplelink_cc13xx_cc26xx_sdk_7_10_02_23/source\ti/drivers/lib/gcc/m4f/drivers_cc13x2.a(UART2.c.obj)
 .debug_info    0x000314b4     0x3fcc C:/ti/simplelink_cc13xx_cc26xx_sdk_7_10_02_23/source\ti/drivers/lib/gcc/m4f/drivers_cc13x2.a(UART2CC26X2.c.obj)
 .debug_info    0x00035480      0xd8c C:/ti/simplelink_cc13xx_cc26xx_sdk_7_10_02_23/source\ti/drivers/lib/gcc/m4f/drivers_cc13x2.a(GPIOCC26X2.c.obj)
 .debug_info    0x0003620c      0x513 C:/ti/simplelink_cc13xx_cc26xx_sdk_7_10_02_23/source\ti/drivers/lib/gcc/m4f/drivers_cc13x2.a(PowerCC26X2_calibrateRCOSC_helpers.c.obj)
 .debug_info    0x0003671f      0xf3f C:/ti/simplelink_cc13xx_cc26xx_sdk_7_10_02_23/source\ti/drivers/lib/gcc/m4f/drivers_cc13x2.a(PowerCC26X2_helpers.c.obj)
 .debug_info    0x0003765e      0xc58 C:/ti/simplelink_cc13xx_cc26xx_sdk_7_10_02_23/source\ti/drivers/lib/gcc/m4f/drivers_cc13x2.a(List.c.obj)
 .debug_info    0x000382b6      0x811 C:/ti/simplelink_cc13xx_cc26xx_sdk_7_10_02_23/source\ti/drivers/lib/gcc/m4f/drivers_cc13x2.a(RingBuf.c.obj)
 .debug_info    0x00038ac7      0x645 C:/ti/simplelink_cc13xx_cc26xx_sdk_7_10_02_23/source\ti/drivers/lib/gcc/m4f/drivers_cc13x2.a(UDMACC26XX.c.obj)
 .debug_info    0x0003910c     0x1a78 C:/ti/simplelink_cc13xx_cc26xx_sdk_7_10_02_23/source\ti/devices/cc13x2_cc26x2/driverlib/bin/gcc/driverlib.lib(osc.o)
 .debug_info    0x0003ab84      0x14d C:/ti/simplelink_cc13xx_cc26xx_sdk_7_10_02_23/source\ti/devices/cc13x2_cc26x2/driverlib/bin/gcc/driverlib.lib(cpu.o)
 .debug_info    0x0003acd1      0x373 C:/ti/simplelink_cc13xx_cc26xx_sdk_7_10_02_23/source\ti/devices/cc13x2_cc26x2/driverlib/bin/gcc/driverlib.lib(interrupt.o)
 .debug_info    0x0003b044      0x1e7 C:/ti/simplelink_cc13xx_cc26xx_sdk_7_10_02_23/source\ti/devices/cc13x2_cc26x2/driverlib/bin/gcc/driverlib.lib(setup.o)
 .debug_info    0x0003b22b      0x56d C:/ti/simplelink_cc13xx_cc26xx_sdk_7_10_02_23/source\ti/devices/cc13x2_cc26x2/driverlib/bin/gcc/driverlib.lib(prcm.o)
 .debug_info    0x0003b798      0x12b C:/ti/simplelink_cc13xx_cc26xx_sdk_7_10_02_23/source\ti/devices/cc13x2_cc26x2/driverlib/bin/gcc/driverlib.lib(aux_sysif.o)
 .debug_info    0x0003b8c3      0x4a5 C:/ti/simplelink_cc13xx_cc26xx_sdk_7_10_02_23/source\ti/devices/cc13x2_cc26x2/driverlib/bin/gcc/driverlib.lib(sys_ctrl.o)
 .debug_info    0x0003bd68      0x4cc C:/ti/simplelink_cc13xx_cc26xx_sdk_7_10_02_23/source\ti/devices/cc13x2_cc26x2/driverlib/bin/gcc/driverlib.lib(chipinfo.o)

.debug_abbrev   0x00000000     0x57e1
 .debug_abbrev  0x00000000      0x4cc ./cJSON.o
 .debug_abbrev  0x000004cc       0x7e ./syscfg/ti_devices_config.o
 .debug_abbrev  0x0000054a      0x322 ./syscfg/ti_drivers_config.o
 .debug_abbrev  0x0000086c      0x8f8 ./syscfg/ti_freertos_config.o
 .debug_abbrev  0x00001164      0x35d ./syscfg/ti_freertos_portable_config.o
 .debug_abbrev  0x000014c1      0x38a ./main_freertos.o
 .debug_abbrev  0x0000184b      0x3d3 C:/ti/simplelink_cc13xx_cc26xx_sdk_7_10_02_23/source\ti/drivers/lib/gcc/m4f/drivers_cc13x2.a(GPIOCC26XX.c.obj)
 .debug_abbrev  0x00001c1e      0x3d5 C:/ti/simplelink_cc13xx_cc26xx_sdk_7_10_02_23/source\ti/drivers/lib/gcc/m4f/drivers_cc13x2.a(I2C.c.obj)
 .debug_abbrev  0x00001ff3      0x556 C:/ti/simplelink_cc13xx_cc26xx_sdk_7_10_02_23/source\ti/drivers/lib/gcc/m4f/drivers_cc13x2.a(I2CCC26XX.c.obj)
 .debug_abbrev  0x00002549      0x6e8 C:/ti/simplelink_cc13xx_cc26xx_sdk_7_10_02_23/source\ti/drivers/lib/gcc/m4f/drivers_cc13x2.a(PowerCC26X2.c.obj)
 .debug_abbrev  0x00002c31      0x3e9 C:/ti/simplelink_cc13xx_cc26xx_sdk_7_10_02_23/source\ti/drivers/lib/gcc/m4f/drivers_cc13x2.a(PowerCC26X2_calibrateRCOSC.c.obj)
 .debug_abbrev  0x0000301a      0x45a C:/ti/simplelink_cc13xx_cc26xx_sdk_7_10_02_23/source\ti/drivers/lib/gcc/m4f/drivers_cc13x2.a(UART2.c.obj)
 .debug_abbrev  0x00003474      0x58b C:/ti/simplelink_cc13xx_cc26xx_sdk_7_10_02_23/source\ti/drivers/lib/gcc/m4f/drivers_cc13x2.a(UART2CC26X2.c.obj)
 .debug_abbrev  0x000039ff      0x34c C:/ti/simplelink_cc13xx_cc26xx_sdk_7_10_02_23/source\ti/drivers/lib/gcc/m4f/drivers_cc13x2.a(GPIOCC26X2.c.obj)
 .debug_abbrev  0x00003d4b      0x197 C:/ti/simplelink_cc13xx_cc26xx_sdk_7_10_02_23/source\ti/drivers/lib/gcc/m4f/drivers_cc13x2.a(PowerCC26X2_calibrateRCOSC_helpers.c.obj)
 .debug_abbrev  0x00003ee2      0x417 C:/ti/simplelink_cc13xx_cc26xx_sdk_7_10_02_23/source\ti/drivers/lib/gcc/m4f/drivers_cc13x2.a(PowerCC26X2_helpers.c.obj)
 .debug_abbrev  0x000042f9      0x27b C:/ti/simplelink_cc13xx_cc26xx_sdk_7_10_02_23/source\ti/drivers/lib/gcc/m4f/drivers_cc13x2.a(List.c.obj)
 .debug_abbrev  0x00004574      0x249 C:/ti/simplelink_cc13xx_cc26xx_sdk_7_10_02_23/source\ti/drivers/lib/gcc/m4f/drivers_cc13x2.a(RingBuf.c.obj)
 .debug_abbrev  0x000047bd      0x2b5 C:/ti/simplelink_cc13xx_cc26xx_sdk_7_10_02_23/source\ti/drivers/lib/gcc/m4f/drivers_cc13x2.a(UDMACC26XX.c.obj)
 .debug_abbrev  0x00004a72      0x436 C:/ti/simplelink_cc13xx_cc26xx_sdk_7_10_02_23/source\ti/devices/cc13x2_cc26x2/driverlib/bin/gcc/driverlib.lib(osc.o)
 .debug_abbrev  0x00004ea8       0xd4 C:/ti/simplelink_cc13xx_cc26xx_sdk_7_10_02_23/source\ti/devices/cc13x2_cc26x2/driverlib/bin/gcc/driverlib.lib(cpu.o)
 .debug_abbrev  0x00004f7c      0x145 C:/ti/simplelink_cc13xx_cc26xx_sdk_7_10_02_23/source\ti/devices/cc13x2_cc26x2/driverlib/bin/gcc/driverlib.lib(interrupt.o)
 .debug_abbrev  0x000050c1      0x148 C:/ti/simplelink_cc13xx_cc26xx_sdk_7_10_02_23/source\ti/devices/cc13x2_cc26x2/driverlib/bin/gcc/driverlib.lib(setup.o)
 .debug_abbrev  0x00005209      0x1ae C:/ti/simplelink_cc13xx_cc26xx_sdk_7_10_02_23/source\ti/devices/cc13x2_cc26x2/driverlib/bin/gcc/driverlib.lib(prcm.o)
 .debug_abbrev  0x000053b7       0x9c C:/ti/simplelink_cc13xx_cc26xx_sdk_7_10_02_23/source\ti/devices/cc13x2_cc26x2/driverlib/bin/gcc/driverlib.lib(aux_sysif.o)
 .debug_abbrev  0x00005453      0x21a C:/ti/simplelink_cc13xx_cc26xx_sdk_7_10_02_23/source\ti/devices/cc13x2_cc26x2/driverlib/bin/gcc/driverlib.lib(sys_ctrl.o)
 .debug_abbrev  0x0000566d      0x174 C:/ti/simplelink_cc13xx_cc26xx_sdk_7_10_02_23/source\ti/devices/cc13x2_cc26x2/driverlib/bin/gcc/driverlib.lib(chipinfo.o)

.debug_loc      0x00000000    0x2391c
 .debug_loc     0x00000000     0x643e ./cJSON.o
 .debug_loc     0x0000643e       0x13 ./syscfg/ti_drivers_config.o
 .debug_loc     0x00006451    0x13df1 ./syscfg/ti_freertos_config.o
 .debug_loc     0x0001a242      0x100 ./syscfg/ti_freertos_portable_config.o
 .debug_loc     0x0001a342      0x5c1 ./main_freertos.o
 .debug_loc     0x0001a903      0x978 C:/ti/simplelink_cc13xx_cc26xx_sdk_7_10_02_23/source\ti/drivers/lib/gcc/m4f/drivers_cc13x2.a(GPIOCC26XX.c.obj)
 .debug_loc     0x0001b27b      0x33a C:/ti/simplelink_cc13xx_cc26xx_sdk_7_10_02_23/source\ti/drivers/lib/gcc/m4f/drivers_cc13x2.a(I2C.c.obj)
 .debug_loc     0x0001b5b5      0xfe5 C:/ti/simplelink_cc13xx_cc26xx_sdk_7_10_02_23/source\ti/drivers/lib/gcc/m4f/drivers_cc13x2.a(I2CCC26XX.c.obj)
 .debug_loc     0x0001c59a     0x16a0 C:/ti/simplelink_cc13xx_cc26xx_sdk_7_10_02_23/source\ti/drivers/lib/gcc/m4f/drivers_cc13x2.a(PowerCC26X2.c.obj)
 .debug_loc     0x0001dc3a      0x256 C:/ti/simplelink_cc13xx_cc26xx_sdk_7_10_02_23/source\ti/drivers/lib/gcc/m4f/drivers_cc13x2.a(PowerCC26X2_calibrateRCOSC.c.obj)
 .debug_loc     0x0001de90     0x10df C:/ti/simplelink_cc13xx_cc26xx_sdk_7_10_02_23/source\ti/drivers/lib/gcc/m4f/drivers_cc13x2.a(UART2.c.obj)
 .debug_loc     0x0001ef6f     0x2028 C:/ti/simplelink_cc13xx_cc26xx_sdk_7_10_02_23/source\ti/drivers/lib/gcc/m4f/drivers_cc13x2.a(UART2CC26X2.c.obj)
 .debug_loc     0x00020f97      0x136 C:/ti/simplelink_cc13xx_cc26xx_sdk_7_10_02_23/source\ti/drivers/lib/gcc/m4f/drivers_cc13x2.a(GPIOCC26X2.c.obj)
 .debug_loc     0x000210cd      0x2ad C:/ti/simplelink_cc13xx_cc26xx_sdk_7_10_02_23/source\ti/drivers/lib/gcc/m4f/drivers_cc13x2.a(PowerCC26X2_calibrateRCOSC_helpers.c.obj)
 .debug_loc     0x0002137a      0x163 C:/ti/simplelink_cc13xx_cc26xx_sdk_7_10_02_23/source\ti/drivers/lib/gcc/m4f/drivers_cc13x2.a(PowerCC26X2_helpers.c.obj)
 .debug_loc     0x000214dd      0x428 C:/ti/simplelink_cc13xx_cc26xx_sdk_7_10_02_23/source\ti/drivers/lib/gcc/m4f/drivers_cc13x2.a(List.c.obj)
 .debug_loc     0x00021905      0x6e0 C:/ti/simplelink_cc13xx_cc26xx_sdk_7_10_02_23/source\ti/drivers/lib/gcc/m4f/drivers_cc13x2.a(RingBuf.c.obj)
 .debug_loc     0x00021fe5      0x1f5 C:/ti/simplelink_cc13xx_cc26xx_sdk_7_10_02_23/source\ti/drivers/lib/gcc/m4f/drivers_cc13x2.a(UDMACC26XX.c.obj)
 .debug_loc     0x000221da      0xb8f C:/ti/simplelink_cc13xx_cc26xx_sdk_7_10_02_23/source\ti/devices/cc13x2_cc26x2/driverlib/bin/gcc/driverlib.lib(osc.o)
 .debug_loc     0x00022d69      0x147 C:/ti/simplelink_cc13xx_cc26xx_sdk_7_10_02_23/source\ti/devices/cc13x2_cc26x2/driverlib/bin/gcc/driverlib.lib(interrupt.o)
 .debug_loc     0x00022eb0       0xbd C:/ti/simplelink_cc13xx_cc26xx_sdk_7_10_02_23/source\ti/devices/cc13x2_cc26x2/driverlib/bin/gcc/driverlib.lib(setup.o)
 .debug_loc     0x00022f6d      0x3c8 C:/ti/simplelink_cc13xx_cc26xx_sdk_7_10_02_23/source\ti/devices/cc13x2_cc26x2/driverlib/bin/gcc/driverlib.lib(prcm.o)
 .debug_loc     0x00023335       0x4b C:/ti/simplelink_cc13xx_cc26xx_sdk_7_10_02_23/source\ti/devices/cc13x2_cc26x2/driverlib/bin/gcc/driverlib.lib(aux_sysif.o)
 .debug_loc     0x00023380      0x37b C:/ti/simplelink_cc13xx_cc26xx_sdk_7_10_02_23/source\ti/devices/cc13x2_cc26x2/driverlib/bin/gcc/driverlib.lib(sys_ctrl.o)
 .debug_loc     0x000236fb      0x221 C:/ti/simplelink_cc13xx_cc26xx_sdk_7_10_02_23/source\ti/devices/cc13x2_cc26x2/driverlib/bin/gcc/driverlib.lib(chipinfo.o)

.debug_aranges  0x00000000     0x1af0
 .debug_aranges
                0x00000000      0x2b8 ./cJSON.o
 .debug_aranges
                0x000002b8       0x18 ./syscfg/ti_devices_config.o
 .debug_aranges
                0x000002d0       0x40 ./syscfg/ti_drivers_config.o
 .debug_aranges
                0x00000310      0xd20 ./syscfg/ti_freertos_config.o
 .debug_aranges
                0x00001030       0x88 ./syscfg/ti_freertos_portable_config.o
 .debug_aranges
                0x000010b8       0xd0 ./main_freertos.o
 .debug_aranges
                0x00001188       0x70 C:/ti/simplelink_cc13xx_cc26xx_sdk_7_10_02_23/source\ti/drivers/lib/gcc/m4f/drivers_cc13x2.a(GPIOCC26XX.c.obj)
 .debug_aranges
                0x000011f8       0x40 C:/ti/simplelink_cc13xx_cc26xx_sdk_7_10_02_23/source\ti/drivers/lib/gcc/m4f/drivers_cc13x2.a(I2C.c.obj)
 .debug_aranges
                0x00001238       0x78 C:/ti/simplelink_cc13xx_cc26xx_sdk_7_10_02_23/source\ti/drivers/lib/gcc/m4f/drivers_cc13x2.a(I2CCC26XX.c.obj)
 .debug_aranges
                0x000012b0      0x138 C:/ti/simplelink_cc13xx_cc26xx_sdk_7_10_02_23/source\ti/drivers/lib/gcc/m4f/drivers_cc13x2.a(PowerCC26X2.c.obj)
 .debug_aranges
                0x000013e8       0x38 C:/ti/simplelink_cc13xx_cc26xx_sdk_7_10_02_23/source\ti/drivers/lib/gcc/m4f/drivers_cc13x2.a(PowerCC26X2_calibrateRCOSC.c.obj)
 .debug_aranges